[0.231s] Invoking command in '/home/jhw0178/ros2_2026_summer_study/open_manipulator_ws/build/dynamixel_sdk_examples': AMENT_PREFIX_PATH=/home/jhw0178/ros2_2026_summer_study/open_manipulator_ws/install/dynamixel_sdk_custom_interfaces:/home/jhw0178/ros2_2026_summer_study/open_manipulator_ws/install/dynamixel_sdk:${AMENT_PREFIX_PATH} CMAKE_PREFIX_PATH=/home/jhw0178/ros2_2026_summer_study/open_manipulator_ws/install/dynamixel_sdk_custom_interfaces:/home/jhw0178/ros2_2026_summer_study/open_manipulator_ws/install/dynamixel_sdk:/home/jhw0178/ros2_2026_summer_study/ros_ws/install/user_interface:/opt/ros/jazzy/opt/gz_sim_vendor:/opt/ros/jazzy/opt/gz_sensors_vendor:/opt/ros/jazzy/opt/gz_physics_vendor:/opt/ros/jazzy/opt/sdformat_vendor:/opt/ros/jazzy/opt/gz_gui_vendor:/opt/ros/jazzy/opt/gz_transport_vendor:/opt/ros/jazzy/opt/gz_rendering_vendor:/opt/ros/jazzy/opt/gz_plugin_vendor:/opt/ros/jazzy/opt/gz_fuel_tools_vendor:/opt/ros/jazzy/opt/gz_msgs_vendor:/opt/ros/jazzy/opt/gz_common_vendor:/opt/ros/jazzy/opt/gz_math_vendor:/opt/ros/jazzy/opt/gz_utils_vendor:/opt/ros/jazzy/opt/gz_tools_vendor:/opt/ros/jazzy/opt/gz_ogre_next_vendor:/opt/ros/jazzy/opt/gz_dartsim_vendor:/opt/ros/jazzy/opt/gz_cmake_vendor:/home/jhw0178/ros2_2026_summer_study/ros_ws/install/tf2_basic:/home/jhw0178/ros2_2026_summer_study/ros_ws/install/my_first_package:/home/jhw0178/ros2_2026_summer_study/ros_ws/install/mini_homework1:/home/jhw0178/ros2_2026_summer_study/ros_ws/install/follow_turtle:/opt/ros/jazzy LD_LIBRARY_PATH=/home/jhw0178/ros2_2026_summer_study/open_manipulator_ws/install/dynamixel_sdk_custom_interfaces/lib:/home/jhw0178/ros2_2026_summer_study/open_manipulator_ws/install/dynamixel_sdk/lib:${LD_LIBRARY_PATH} PYTHONPATH=/home/jhw0178/ros2_2026_summer_study/open_manipulator_ws/install/dynamixel_sdk_custom_interfaces/lib/python3.12/site-packages:/home/jhw0178/ros2_2026_summer_study/open_manipulator_ws/install/dynamixel_sdk/lib/python3.12/site-packages:${PYTHONPATH} /usr/bin/cmake /home/jhw0178/ros2_2026_summer_study/open_manipulator_ws/src/DynamixelSDK/ros/dynamixel_sdk_examples -DCMAKE_BUILD_TYPE=Release -DAMENT_CMAKE_SYMLINK_INSTALL=1 -DCMAKE_INSTALL_PREFIX=/home/jhw0178/ros2_2026_summer_study/open_manipulator_ws/install/dynamixel_sdk_examples
[0.377s] -- The C compiler identification is GNU 13.3.0
[0.851s] -- The CXX compiler identification is GNU 13.3.0
[1.428s] -- Detecting C compiler ABI info
[1.641s] -- Detecting C compiler ABI info - done
[1.648s] -- Check for working C compiler: /usr/bin/cc - skipped
[1.649s] -- Detecting C compile features
[1.649s] -- Detecting C compile features - done
[1.752s] -- Detecting CXX compiler ABI info
[2.073s] -- Detecting CXX compiler ABI info - done
[2.081s] -- Check for working CXX compiler: /usr/bin/c++ - skipped
[2.081s] -- Detecting CXX compile features
[2.081s] -- Detecting CXX compile features - done
[2.085s] -- Found ament_cmake: 2.5.6 (/opt/ros/jazzy/share/ament_cmake/cmake)
[2.237s] -- Found Python3: /usr/bin/python3 (found version "3.12.3") found components: Interpreter 
[2.310s] -- Override CMake install command with custom implementation using symlinks instead of copying resources
[2.350s] -- Found dynamixel_sdk: 4.0.5 (/home/jhw0178/ros2_2026_summer_study/open_manipulator_ws/install/dynamixel_sdk/share/dynamixel_sdk/cmake)
[2.352s] -- Found dynamixel_sdk_custom_interfaces: 4.0.5 (/home/jhw0178/ros2_2026_summer_study/open_manipulator_ws/install/dynamixel_sdk_custom_interfaces/share/dynamixel_sdk_custom_interfaces/cmake)
[2.565s] -- Found rosidl_generator_c: 4.6.9 (/opt/ros/jazzy/share/rosidl_generator_c/cmake)
[2.583s] -- Found rosidl_generator_cpp: 4.6.9 (/opt/ros/jazzy/share/rosidl_generator_cpp/cmake)
[2.600s] -- Using all available rosidl_typesupport_c: rosidl_typesupport_fastrtps_c;rosidl_typesupport_introspection_c
[2.619s] -- Using all available rosidl_typesupport_cpp: rosidl_typesupport_fastrtps_cpp;rosidl_typesupport_introspection_cpp
[2.666s] -- Found rclcpp: 28.1.21 (/opt/ros/jazzy/share/rclcpp/cmake)
[2.713s] -- Found rmw_implementation_cmake: 7.3.3 (/opt/ros/jazzy/share/rmw_implementation_cmake/cmake)
[2.717s] -- Found rmw_fastrtps_cpp: 8.4.4 (/opt/ros/jazzy/share/rmw_fastrtps_cpp/cmake)
[2.799s] -- Found OpenSSL: /usr/lib/x86_64-linux-gnu/libcrypto.so (found version "3.0.13")  
[3.005s] -- Found FastRTPS: /opt/ros/jazzy/include (Required is at least version "2.13") 
[3.105s] -- Using RMW implementation 'rmw_fastrtps_cpp' as default
[3.277s] -- Found rclpy: 7.1.11 (/opt/ros/jazzy/share/rclpy/cmake)
[3.280s] -- Found ament_lint_auto: 0.17.5 (/opt/ros/jazzy/share/ament_lint_auto/cmake)
[3.402s] -- Added test 'copyright' to check source files copyright and LICENSE
[3.403s] -- Added test 'cppcheck' to perform static code analysis on C / C++ code
[3.403s] -- Configured cppcheck include dirs: /home/jhw0178/ros2_2026_summer_study/open_manipulator_ws/src/DynamixelSDK/ros/dynamixel_sdk_examples/include
[3.403s] -- Configured cppcheck exclude dirs and/or files: 
[3.404s] -- Added test 'cpplint' to check C / C++ code against the Google style
[3.405s] -- Configured cpplint exclude dirs and/or files: 
[3.405s] -- Added test 'flake8' to check Python code syntax and style conventions
[3.405s] -- Configured 'flake8' exclude dirs and/or files: 
[3.406s] -- Added test 'lint_cmake' to check CMake code style
[3.407s] -- Added test 'pep257' to check Python code against some of the docstring style conventions in PEP 257
[3.408s] -- Added test 'uncrustify' to check C / C++ code style
[3.408s] -- Configured uncrustify additional arguments: 
[3.409s] -- Added test 'xmllint' to check XML markup files
[3.411s] -- Configuring done (3.2s)
[3.423s] -- Generating done (0.0s)
[3.427s] -- Build files have been written to: /home/jhw0178/ros2_2026_summer_study/open_manipulator_ws/build/dynamixel_sdk_examples
[3.437s] Invoked command in '/home/jhw0178/ros2_2026_summer_study/open_manipulator_ws/build/dynamixel_sdk_examples' returned '0': AMENT_PREFIX_PATH=/home/jhw0178/ros2_2026_summer_study/open_manipulator_ws/install/dynamixel_sdk_custom_interfaces:/home/jhw0178/ros2_2026_summer_study/open_manipulator_ws/install/dynamixel_sdk:${AMENT_PREFIX_PATH} CMAKE_PREFIX_PATH=/home/jhw0178/ros2_2026_summer_study/open_manipulator_ws/install/dynamixel_sdk_custom_interfaces:/home/jhw0178/ros2_2026_summer_study/open_manipulator_ws/install/dynamixel_sdk:/home/jhw0178/ros2_2026_summer_study/ros_ws/install/user_interface:/opt/ros/jazzy/opt/gz_sim_vendor:/opt/ros/jazzy/opt/gz_sensors_vendor:/opt/ros/jazzy/opt/gz_physics_vendor:/opt/ros/jazzy/opt/sdformat_vendor:/opt/ros/jazzy/opt/gz_gui_vendor:/opt/ros/jazzy/opt/gz_transport_vendor:/opt/ros/jazzy/opt/gz_rendering_vendor:/opt/ros/jazzy/opt/gz_plugin_vendor:/opt/ros/jazzy/opt/gz_fuel_tools_vendor:/opt/ros/jazzy/opt/gz_msgs_vendor:/opt/ros/jazzy/opt/gz_common_vendor:/opt/ros/jazzy/opt/gz_math_vendor:/opt/ros/jazzy/opt/gz_utils_vendor:/opt/ros/jazzy/opt/gz_tools_vendor:/opt/ros/jazzy/opt/gz_ogre_next_vendor:/opt/ros/jazzy/opt/gz_dartsim_vendor:/opt/ros/jazzy/opt/gz_cmake_vendor:/home/jhw0178/ros2_2026_summer_study/ros_ws/install/tf2_basic:/home/jhw0178/ros2_2026_summer_study/ros_ws/install/my_first_package:/home/jhw0178/ros2_2026_summer_study/ros_ws/install/mini_homework1:/home/jhw0178/ros2_2026_summer_study/ros_ws/install/follow_turtle:/opt/ros/jazzy LD_LIBRARY_PATH=/home/jhw0178/ros2_2026_summer_study/open_manipulator_ws/install/dynamixel_sdk_custom_interfaces/lib:/home/jhw0178/ros2_2026_summer_study/open_manipulator_ws/install/dynamixel_sdk/lib:${LD_LIBRARY_PATH} PYTHONPATH=/home/jhw0178/ros2_2026_summer_study/open_manipulator_ws/install/dynamixel_sdk_custom_interfaces/lib/python3.12/site-packages:/home/jhw0178/ros2_2026_summer_study/open_manipulator_ws/install/dynamixel_sdk/lib/python3.12/site-packages:${PYTHONPATH} /usr/bin/cmake /home/jhw0178/ros2_2026_summer_study/open_manipulator_ws/src/DynamixelSDK/ros/dynamixel_sdk_examples -DCMAKE_BUILD_TYPE=Release -DAMENT_CMAKE_SYMLINK_INSTALL=1 -DCMAKE_INSTALL_PREFIX=/home/jhw0178/ros2_2026_summer_study/open_manipulator_ws/install/dynamixel_sdk_examples
[3.440s] Invoking command in '/home/jhw0178/ros2_2026_summer_study/open_manipulator_ws/build/dynamixel_sdk_examples': AMENT_PREFIX_PATH=/home/jhw0178/ros2_2026_summer_study/open_manipulator_ws/install/dynamixel_sdk_custom_interfaces:/home/jhw0178/ros2_2026_summer_study/open_manipulator_ws/install/dynamixel_sdk:${AMENT_PREFIX_PATH} CMAKE_PREFIX_PATH=/home/jhw0178/ros2_2026_summer_study/open_manipulator_ws/install/dynamixel_sdk_custom_interfaces:/home/jhw0178/ros2_2026_summer_study/open_manipulator_ws/install/dynamixel_sdk:/home/jhw0178/ros2_2026_summer_study/ros_ws/install/user_interface:/opt/ros/jazzy/opt/gz_sim_vendor:/opt/ros/jazzy/opt/gz_sensors_vendor:/opt/ros/jazzy/opt/gz_physics_vendor:/opt/ros/jazzy/opt/sdformat_vendor:/opt/ros/jazzy/opt/gz_gui_vendor:/opt/ros/jazzy/opt/gz_transport_vendor:/opt/ros/jazzy/opt/gz_rendering_vendor:/opt/ros/jazzy/opt/gz_plugin_vendor:/opt/ros/jazzy/opt/gz_fuel_tools_vendor:/opt/ros/jazzy/opt/gz_msgs_vendor:/opt/ros/jazzy/opt/gz_common_vendor:/opt/ros/jazzy/opt/gz_math_vendor:/opt/ros/jazzy/opt/gz_utils_vendor:/opt/ros/jazzy/opt/gz_tools_vendor:/opt/ros/jazzy/opt/gz_ogre_next_vendor:/opt/ros/jazzy/opt/gz_dartsim_vendor:/opt/ros/jazzy/opt/gz_cmake_vendor:/home/jhw0178/ros2_2026_summer_study/ros_ws/install/tf2_basic:/home/jhw0178/ros2_2026_summer_study/ros_ws/install/my_first_package:/home/jhw0178/ros2_2026_summer_study/ros_ws/install/mini_homework1:/home/jhw0178/ros2_2026_summer_study/ros_ws/install/follow_turtle:/opt/ros/jazzy LD_LIBRARY_PATH=/home/jhw0178/ros2_2026_summer_study/open_manipulator_ws/install/dynamixel_sdk_custom_interfaces/lib:/home/jhw0178/ros2_2026_summer_study/open_manipulator_ws/install/dynamixel_sdk/lib:${LD_LIBRARY_PATH} PYTHONPATH=/home/jhw0178/ros2_2026_summer_study/open_manipulator_ws/install/dynamixel_sdk_custom_interfaces/lib/python3.12/site-packages:/home/jhw0178/ros2_2026_summer_study/open_manipulator_ws/install/dynamixel_sdk/lib/python3.12/site-packages:${PYTHONPATH} /usr/bin/cmake --build /home/jhw0178/ros2_2026_summer_study/open_manipulator_ws/build/dynamixel_sdk_examples -- -j16 -l16
[3.493s] [ 50%] [32mBuilding CXX object CMakeFiles/read_write_node.dir/src/read_write_node.cpp.o[0m
[12.447s] [100%] [32m[1mLinking CXX executable read_write_node[0m
[12.659s] [100%] Built target read_write_node
[12.670s] Invoked command in '/home/jhw0178/ros2_2026_summer_study/open_manipulator_ws/build/dynamixel_sdk_examples' returned '0': AMENT_PREFIX_PATH=/home/jhw0178/ros2_2026_summer_study/open_manipulator_ws/install/dynamixel_sdk_custom_interfaces:/home/jhw0178/ros2_2026_summer_study/open_manipulator_ws/install/dynamixel_sdk:${AMENT_PREFIX_PATH} CMAKE_PREFIX_PATH=/home/jhw0178/ros2_2026_summer_study/open_manipulator_ws/install/dynamixel_sdk_custom_interfaces:/home/jhw0178/ros2_2026_summer_study/open_manipulator_ws/install/dynamixel_sdk:/home/jhw0178/ros2_2026_summer_study/ros_ws/install/user_interface:/opt/ros/jazzy/opt/gz_sim_vendor:/opt/ros/jazzy/opt/gz_sensors_vendor:/opt/ros/jazzy/opt/gz_physics_vendor:/opt/ros/jazzy/opt/sdformat_vendor:/opt/ros/jazzy/opt/gz_gui_vendor:/opt/ros/jazzy/opt/gz_transport_vendor:/opt/ros/jazzy/opt/gz_rendering_vendor:/opt/ros/jazzy/opt/gz_plugin_vendor:/opt/ros/jazzy/opt/gz_fuel_tools_vendor:/opt/ros/jazzy/opt/gz_msgs_vendor:/opt/ros/jazzy/opt/gz_common_vendor:/opt/ros/jazzy/opt/gz_math_vendor:/opt/ros/jazzy/opt/gz_utils_vendor:/opt/ros/jazzy/opt/gz_tools_vendor:/opt/ros/jazzy/opt/gz_ogre_next_vendor:/opt/ros/jazzy/opt/gz_dartsim_vendor:/opt/ros/jazzy/opt/gz_cmake_vendor:/home/jhw0178/ros2_2026_summer_study/ros_ws/install/tf2_basic:/home/jhw0178/ros2_2026_summer_study/ros_ws/install/my_first_package:/home/jhw0178/ros2_2026_summer_study/ros_ws/install/mini_homework1:/home/jhw0178/ros2_2026_summer_study/ros_ws/install/follow_turtle:/opt/ros/jazzy LD_LIBRARY_PATH=/home/jhw0178/ros2_2026_summer_study/open_manipulator_ws/install/dynamixel_sdk_custom_interfaces/lib:/home/jhw0178/ros2_2026_summer_study/open_manipulator_ws/install/dynamixel_sdk/lib:${LD_LIBRARY_PATH} PYTHONPATH=/home/jhw0178/ros2_2026_summer_study/open_manipulator_ws/install/dynamixel_sdk_custom_interfaces/lib/python3.12/site-packages:/home/jhw0178/ros2_2026_summer_study/open_manipulator_ws/install/dynamixel_sdk/lib/python3.12/site-packages:${PYTHONPATH} /usr/bin/cmake --build /home/jhw0178/ros2_2026_summer_study/open_manipulator_ws/build/dynamixel_sdk_examples -- -j16 -l16
[12.679s] Invoking command in '/home/jhw0178/ros2_2026_summer_study/open_manipulator_ws/build/dynamixel_sdk_examples': AMENT_PREFIX_PATH=/home/jhw0178/ros2_2026_summer_study/open_manipulator_ws/install/dynamixel_sdk_custom_interfaces:/home/jhw0178/ros2_2026_summer_study/open_manipulator_ws/install/dynamixel_sdk:${AMENT_PREFIX_PATH} CMAKE_PREFIX_PATH=/home/jhw0178/ros2_2026_summer_study/open_manipulator_ws/install/dynamixel_sdk_custom_interfaces:/home/jhw0178/ros2_2026_summer_study/open_manipulator_ws/install/dynamixel_sdk:/home/jhw0178/ros2_2026_summer_study/ros_ws/install/user_interface:/opt/ros/jazzy/opt/gz_sim_vendor:/opt/ros/jazzy/opt/gz_sensors_vendor:/opt/ros/jazzy/opt/gz_physics_vendor:/opt/ros/jazzy/opt/sdformat_vendor:/opt/ros/jazzy/opt/gz_gui_vendor:/opt/ros/jazzy/opt/gz_transport_vendor:/opt/ros/jazzy/opt/gz_rendering_vendor:/opt/ros/jazzy/opt/gz_plugin_vendor:/opt/ros/jazzy/opt/gz_fuel_tools_vendor:/opt/ros/jazzy/opt/gz_msgs_vendor:/opt/ros/jazzy/opt/gz_common_vendor:/opt/ros/jazzy/opt/gz_math_vendor:/opt/ros/jazzy/opt/gz_utils_vendor:/opt/ros/jazzy/opt/gz_tools_vendor:/opt/ros/jazzy/opt/gz_ogre_next_vendor:/opt/ros/jazzy/opt/gz_dartsim_vendor:/opt/ros/jazzy/opt/gz_cmake_vendor:/home/jhw0178/ros2_2026_summer_study/ros_ws/install/tf2_basic:/home/jhw0178/ros2_2026_summer_study/ros_ws/install/my_first_package:/home/jhw0178/ros2_2026_summer_study/ros_ws/install/mini_homework1:/home/jhw0178/ros2_2026_summer_study/ros_ws/install/follow_turtle:/opt/ros/jazzy LD_LIBRARY_PATH=/home/jhw0178/ros2_2026_summer_study/open_manipulator_ws/install/dynamixel_sdk_custom_interfaces/lib:/home/jhw0178/ros2_2026_summer_study/open_manipulator_ws/install/dynamixel_sdk/lib:${LD_LIBRARY_PATH} PYTHONPATH=/home/jhw0178/ros2_2026_summer_study/open_manipulator_ws/install/dynamixel_sdk_custom_interfaces/lib/python3.12/site-packages:/home/jhw0178/ros2_2026_summer_study/open_manipulator_ws/install/dynamixel_sdk/lib/python3.12/site-packages:${PYTHONPATH} /usr/bin/cmake --install /home/jhw0178/ros2_2026_summer_study/open_manipulator_ws/build/dynamixel_sdk_examples
[12.686s] -- Install configuration: "Release"
[12.686s] -- Execute custom install script
[12.687s] -- Symlinking: /home/jhw0178/ros2_2026_summer_study/open_manipulator_ws/install/dynamixel_sdk_examples/lib/dynamixel_sdk_examples/read_write_node
[12.695s] -- Symlinking: /home/jhw0178/ros2_2026_summer_study/open_manipulator_ws/install/dynamixel_sdk_examples/lib/dynamixel_sdk_examples/read_write_node.py
[12.703s] -- Symlinking: /home/jhw0178/ros2_2026_summer_study/open_manipulator_ws/install/dynamixel_sdk_examples/share/ament_index/resource_index/package_run_dependencies/dynamixel_sdk_examples
[12.711s] -- Symlinking: /home/jhw0178/ros2_2026_summer_study/open_manipulator_ws/install/dynamixel_sdk_examples/share/ament_index/resource_index/parent_prefix_path/dynamixel_sdk_examples
[12.719s] -- Symlinking: /home/jhw0178/ros2_2026_summer_study/open_manipulator_ws/install/dynamixel_sdk_examples/share/dynamixel_sdk_examples/environment/ament_prefix_path.sh
[12.725s] -- Symlinking: /home/jhw0178/ros2_2026_summer_study/open_manipulator_ws/install/dynamixel_sdk_examples/share/dynamixel_sdk_examples/environment/ament_prefix_path.dsv
[12.732s] -- Symlinking: /home/jhw0178/ros2_2026_summer_study/open_manipulator_ws/install/dynamixel_sdk_examples/share/dynamixel_sdk_examples/environment/path.sh
[12.739s] -- Symlinking: /home/jhw0178/ros2_2026_summer_study/open_manipulator_ws/install/dynamixel_sdk_examples/share/dynamixel_sdk_examples/environment/path.dsv
[12.745s] -- Symlinking: /home/jhw0178/ros2_2026_summer_study/open_manipulator_ws/install/dynamixel_sdk_examples/share/dynamixel_sdk_examples/local_setup.bash
[12.752s] -- Symlinking: /home/jhw0178/ros2_2026_summer_study/open_manipulator_ws/install/dynamixel_sdk_examples/share/dynamixel_sdk_examples/local_setup.sh
[12.759s] -- Symlinking: /home/jhw0178/ros2_2026_summer_study/open_manipulator_ws/install/dynamixel_sdk_examples/share/dynamixel_sdk_examples/local_setup.zsh
[12.766s] -- Symlinking: /home/jhw0178/ros2_2026_summer_study/open_manipulator_ws/install/dynamixel_sdk_examples/share/dynamixel_sdk_examples/local_setup.dsv
[12.775s] -- Symlinking: /home/jhw0178/ros2_2026_summer_study/open_manipulator_ws/install/dynamixel_sdk_examples/share/dynamixel_sdk_examples/package.dsv
[12.782s] -- Symlinking: /home/jhw0178/ros2_2026_summer_study/open_manipulator_ws/install/dynamixel_sdk_examples/share/ament_index/resource_index/packages/dynamixel_sdk_examples
[12.789s] -- Symlinking: /home/jhw0178/ros2_2026_summer_study/open_manipulator_ws/install/dynamixel_sdk_examples/share/dynamixel_sdk_examples/cmake/dynamixel_sdk_examplesConfig.cmake
[12.796s] -- Symlinking: /home/jhw0178/ros2_2026_summer_study/open_manipulator_ws/install/dynamixel_sdk_examples/share/dynamixel_sdk_examples/cmake/dynamixel_sdk_examplesConfig-version.cmake
[12.803s] -- Symlinking: /home/jhw0178/ros2_2026_summer_study/open_manipulator_ws/install/dynamixel_sdk_examples/share/dynamixel_sdk_examples/package.xml
[12.811s] Invoked command in '/home/jhw0178/ros2_2026_summer_study/open_manipulator_ws/build/dynamixel_sdk_examples' returned '0': AMENT_PREFIX_PATH=/home/jhw0178/ros2_2026_summer_study/open_manipulator_ws/install/dynamixel_sdk_custom_interfaces:/home/jhw0178/ros2_2026_summer_study/open_manipulator_ws/install/dynamixel_sdk:${AMENT_PREFIX_PATH} CMAKE_PREFIX_PATH=/home/jhw0178/ros2_2026_summer_study/open_manipulator_ws/install/dynamixel_sdk_custom_interfaces:/home/jhw0178/ros2_2026_summer_study/open_manipulator_ws/install/dynamixel_sdk:/home/jhw0178/ros2_2026_summer_study/ros_ws/install/user_interface:/opt/ros/jazzy/opt/gz_sim_vendor:/opt/ros/jazzy/opt/gz_sensors_vendor:/opt/ros/jazzy/opt/gz_physics_vendor:/opt/ros/jazzy/opt/sdformat_vendor:/opt/ros/jazzy/opt/gz_gui_vendor:/opt/ros/jazzy/opt/gz_transport_vendor:/opt/ros/jazzy/opt/gz_rendering_vendor:/opt/ros/jazzy/opt/gz_plugin_vendor:/opt/ros/jazzy/opt/gz_fuel_tools_vendor:/opt/ros/jazzy/opt/gz_msgs_vendor:/opt/ros/jazzy/opt/gz_common_vendor:/opt/ros/jazzy/opt/gz_math_vendor:/opt/ros/jazzy/opt/gz_utils_vendor:/opt/ros/jazzy/opt/gz_tools_vendor:/opt/ros/jazzy/opt/gz_ogre_next_vendor:/opt/ros/jazzy/opt/gz_dartsim_vendor:/opt/ros/jazzy/opt/gz_cmake_vendor:/home/jhw0178/ros2_2026_summer_study/ros_ws/install/tf2_basic:/home/jhw0178/ros2_2026_summer_study/ros_ws/install/my_first_package:/home/jhw0178/ros2_2026_summer_study/ros_ws/install/mini_homework1:/home/jhw0178/ros2_2026_summer_study/ros_ws/install/follow_turtle:/opt/ros/jazzy LD_LIBRARY_PATH=/home/jhw0178/ros2_2026_summer_study/open_manipulator_ws/install/dynamixel_sdk_custom_interfaces/lib:/home/jhw0178/ros2_2026_summer_study/open_manipulator_ws/install/dynamixel_sdk/lib:${LD_LIBRARY_PATH} PYTHONPATH=/home/jhw0178/ros2_2026_summer_study/open_manipulator_ws/install/dynamixel_sdk_custom_interfaces/lib/python3.12/site-packages:/home/jhw0178/ros2_2026_summer_study/open_manipulator_ws/install/dynamixel_sdk/lib/python3.12/site-packages:${PYTHONPATH} /usr/bin/cmake --install /home/jhw0178/ros2_2026_summer_study/open_manipulator_ws/build/dynamixel_sdk_examples
