[4.137s] Invoking command in '/home/jhw0178/ros2_2026_summer_study/ros_ws/src/camera_opencv': PYTHONPATH=/home/jhw0178/ros2_2026_summer_study/ros_ws/build/camera_opencv/prefix_override:/usr/lib/python3/dist-packages/colcon_core/task/python/colcon_distutils_commands:/home/jhw0178/ros2_2026_summer_study/ros_ws/install/camera_opencv/lib/python3.12/site-packages:${PYTHONPATH} VIRTUAL_ENV_PROMPT=(.venv) /usr/bin/python3 -W ignore:setup.py install is deprecated -W ignore:easy_install command is deprecated setup.py egg_info --egg-base ../../build/camera_opencv build --build-base /home/jhw0178/ros2_2026_summer_study/ros_ws/build/camera_opencv/build install --record /home/jhw0178/ros2_2026_summer_study/ros_ws/build/camera_opencv/install.log --install-scripts $base/lib/camera_opencv --single-version-externally-managed install_data
[4.795s] running egg_info
[4.831s] writing ../../build/camera_opencv/camera_opencv.egg-info/PKG-INFO
[4.831s] writing dependency_links to ../../build/camera_opencv/camera_opencv.egg-info/dependency_links.txt
[4.831s] writing entry points to ../../build/camera_opencv/camera_opencv.egg-info/entry_points.txt
[4.832s] writing requirements to ../../build/camera_opencv/camera_opencv.egg-info/requires.txt
[4.832s] writing top-level names to ../../build/camera_opencv/camera_opencv.egg-info/top_level.txt
[4.926s] reading manifest file '../../build/camera_opencv/camera_opencv.egg-info/SOURCES.txt'
[4.926s] writing manifest file '../../build/camera_opencv/camera_opencv.egg-info/SOURCES.txt'
[4.926s] running build
[4.926s] running build_py
[4.926s] copying camera_opencv/find_redball.py -> /home/jhw0178/ros2_2026_summer_study/ros_ws/build/camera_opencv/build/lib/camera_opencv
[4.928s] running install
[4.939s] running install_lib
[4.980s] copying /home/jhw0178/ros2_2026_summer_study/ros_ws/build/camera_opencv/build/lib/camera_opencv/find_redball.py -> /home/jhw0178/ros2_2026_summer_study/ros_ws/install/camera_opencv/lib/python3.12/site-packages/camera_opencv
[4.981s] byte-compiling /home/jhw0178/ros2_2026_summer_study/ros_ws/install/camera_opencv/lib/python3.12/site-packages/camera_opencv/find_redball.py to find_redball.cpython-312.pyc
[4.989s] running install_data
[4.989s] running install_egg_info
[5.048s] removing '/home/jhw0178/ros2_2026_summer_study/ros_ws/install/camera_opencv/lib/python3.12/site-packages/camera_opencv-0.0.0-py3.12.egg-info' (and everything under it)
[5.048s] Copying ../../build/camera_opencv/camera_opencv.egg-info to /home/jhw0178/ros2_2026_summer_study/ros_ws/install/camera_opencv/lib/python3.12/site-packages/camera_opencv-0.0.0-py3.12.egg-info
[5.049s] running install_scripts
[5.378s] Installing camera_pub script to /home/jhw0178/ros2_2026_summer_study/ros_ws/install/camera_opencv/lib/camera_opencv
[5.379s] Installing circle_follow script to /home/jhw0178/ros2_2026_summer_study/ros_ws/install/camera_opencv/lib/camera_opencv
[5.379s] Installing color script to /home/jhw0178/ros2_2026_summer_study/ros_ws/install/camera_opencv/lib/camera_opencv
[5.379s] Installing event_draw script to /home/jhw0178/ros2_2026_summer_study/ros_ws/install/camera_opencv/lib/camera_opencv
[5.379s] Installing find_redball script to /home/jhw0178/ros2_2026_summer_study/ros_ws/install/camera_opencv/lib/camera_opencv
[5.381s] Installing img_compressed_pub script to /home/jhw0178/ros2_2026_summer_study/ros_ws/install/camera_opencv/lib/camera_opencv
[5.382s] Installing img_compressed_sub script to /home/jhw0178/ros2_2026_summer_study/ros_ws/install/camera_opencv/lib/camera_opencv
[5.382s] Installing img_pub script to /home/jhw0178/ros2_2026_summer_study/ros_ws/install/camera_opencv/lib/camera_opencv
[5.383s] Installing img_show script to /home/jhw0178/ros2_2026_summer_study/ros_ws/install/camera_opencv/lib/camera_opencv
[5.383s] Installing img_sub script to /home/jhw0178/ros2_2026_summer_study/ros_ws/install/camera_opencv/lib/camera_opencv
[5.383s] writing list of installed files to '/home/jhw0178/ros2_2026_summer_study/ros_ws/build/camera_opencv/install.log'
[5.502s] Invoked command in '/home/jhw0178/ros2_2026_summer_study/ros_ws/src/camera_opencv' returned '0': PYTHONPATH=/home/jhw0178/ros2_2026_summer_study/ros_ws/build/camera_opencv/prefix_override:/usr/lib/python3/dist-packages/colcon_core/task/python/colcon_distutils_commands:/home/jhw0178/ros2_2026_summer_study/ros_ws/install/camera_opencv/lib/python3.12/site-packages:${PYTHONPATH} VIRTUAL_ENV_PROMPT=(.venv) /usr/bin/python3 -W ignore:setup.py install is deprecated -W ignore:easy_install command is deprecated setup.py egg_info --egg-base ../../build/camera_opencv build --build-base /home/jhw0178/ros2_2026_summer_study/ros_ws/build/camera_opencv/build install --record /home/jhw0178/ros2_2026_summer_study/ros_ws/build/camera_opencv/install.log --install-scripts $base/lib/camera_opencv --single-version-externally-managed install_data
