[0.000000] (-) TimerEvent: {}
[0.000407] (camera_opencv) JobQueued: {'identifier': 'camera_opencv', 'dependencies': OrderedDict()}
[0.000756] (follow_turtle) JobQueued: {'identifier': 'follow_turtle', 'dependencies': OrderedDict()}
[0.000954] (mini_homework1) JobQueued: {'identifier': 'mini_homework1', 'dependencies': OrderedDict()}
[0.001229] (my_first_package) JobQueued: {'identifier': 'my_first_package', 'dependencies': OrderedDict()}
[0.001380] (tf2_basic) JobQueued: {'identifier': 'tf2_basic', 'dependencies': OrderedDict()}
[0.001467] (user_interface) JobQueued: {'identifier': 'user_interface', 'dependencies': OrderedDict()}
[0.001554] (camera_opencv) JobStarted: {'identifier': 'camera_opencv'}
[0.012184] (follow_turtle) JobStarted: {'identifier': 'follow_turtle'}
[0.023491] (mini_homework1) JobStarted: {'identifier': 'mini_homework1'}
[0.035406] (my_first_package) JobStarted: {'identifier': 'my_first_package'}
[0.048714] (tf2_basic) JobStarted: {'identifier': 'tf2_basic'}
[0.064282] (user_interface) JobStarted: {'identifier': 'user_interface'}
[0.099856] (-) TimerEvent: {}
[0.200373] (-) TimerEvent: {}
[0.300701] (-) TimerEvent: {}
[0.344647] (camera_opencv) StderrLine: {'line': b'Traceback (most recent call last):\n  File "/usr/lib/python3/dist-packages/colcon_core/executor/__init__.py", line 91, in __call__\n    rc = await self.task(*args, **kwargs)\n         ^^^^^^^^^^^^^^^^^^^^^^^^^^^^^^^^\n  File "/usr/lib/python3/dist-packages/colcon_core/task/__init__.py", line 120, in __call__\n    return await task_method(*args, **kwargs)\n           ^^^^^^^^^^^^^^^^^^^^^^^^^^^^^^^^^^\n  File "/usr/lib/python3/dist-packages/colcon_ros/task/ament_python/build.py", line 51, in build\n    setup_py_data = get_setup_data(self.context.pkg, env)\n                    ^^^^^^^^^^^^^^^^^^^^^^^^^^^^^^^^^^^^^\n  File "/usr/lib/python3/dist-packages/colcon_core/task/python/__init__.py", line 20, in get_setup_data\n    return dict(pkg.metadata[key](env))\n                ^^^^^^^^^^^^^^^^^^^^^^\n  File "/usr/lib/python3/dist-packages/colcon_ros/package_augmentation/ros_ament_python.py", line 57, in getter\n    return get_setup_information(\n           ^^^^^^^^^^^^^^^^^^^^^^\n  File "/usr/lib/python3/dist-packages/colcon_python_setup_py/package_identification/python_setup_py.py", line 249, in get_setup_information\n    _setup_information_cache[hashable_env] = _get_setup_information(\n                                             ^^^^^^^^^^^^^^^^^^^^^^^\n  File "/usr/lib/python3/dist-packages/colcon_python_setup_py/package_identification/python_setup_py.py", line 296, in _get_setup_information\n    result = subprocess.run(\n             ^^^^^^^^^^^^^^^\n  File "/usr/lib/python3.12/subprocess.py", line 571, in run\n    raise CalledProcessError(retcode, process.args,\nsubprocess.CalledProcessError: Command \'[\'/usr/bin/python3\', \'-c\', \'import sys;from contextlib import suppress;exec("with suppress(ImportError):    from setuptools.extern.packaging.specifiers    import SpecifierSet");exec("with suppress(ImportError):    from packaging.specifiers import SpecifierSet");from distutils.core import run_setup;dist = run_setup(    \\\'setup.py\\\', script_args=(\\\'--dry-run\\\',), stop_after=\\\'config\\\');skip_keys = (\\\'cmdclass\\\', \\\'distclass\\\', \\\'ext_modules\\\', \\\'metadata\\\');data = {    key: value for key, value in dist.__dict__.items()     if (        not key.startswith(\\\'_\\\') and         not callable(value) and         key not in skip_keys and         key not in dist.display_option_names    )};data[\\\'metadata\\\'] = {    k: v for k, v in dist.metadata.__dict__.items()     if k not in (\\\'license_files\\\', \\\'provides_extras\\\')};sys.stdout.buffer.write(repr(data).encode(\\\'utf-8\\\'))\']\' returned non-zero exit status 1.\n'}
[0.346109] (camera_opencv) JobEnded: {'identifier': 'camera_opencv', 'rc': 1}
[0.400968] (-) TimerEvent: {}
[0.501334] (-) TimerEvent: {}
[0.601772] (-) TimerEvent: {}
[0.702192] (-) TimerEvent: {}
[0.802721] (-) TimerEvent: {}
[0.903391] (-) TimerEvent: {}
[1.003917] (-) TimerEvent: {}
[1.104300] (-) TimerEvent: {}
[1.132457] (follow_turtle) JobEnded: {'identifier': 'follow_turtle', 'rc': 'SIGINT'}
[1.133621] (mini_homework1) JobEnded: {'identifier': 'mini_homework1', 'rc': 'SIGINT'}
[1.134069] (my_first_package) JobEnded: {'identifier': 'my_first_package', 'rc': 'SIGINT'}
[1.134337] (user_interface) JobEnded: {'identifier': 'user_interface', 'rc': 'SIGINT'}
[1.134646] (tf2_basic) JobEnded: {'identifier': 'tf2_basic', 'rc': 'SIGINT'}
[1.144129] (-) EventReactorShutdown: {}
