[0.020s] Invoking command in '/home/jhw0178/ros2_2026_summer_study/open_manipulator_ws/build/open_manipulator_gui': CMAKE_PREFIX_PATH=${CMAKE_PREFIX_PATH}:/home/jhw0178/ros2_2026_summer_study/open_manipulator_ws/install/open_manipulator_teleop:/home/jhw0178/ros2_2026_summer_study/open_manipulator_ws/install/open_manipulator_bringup:/home/jhw0178/ros2_2026_summer_study/ros_ws/install/tf2_basic:/home/jhw0178/ros2_2026_summer_study/ros_ws/install/my_first_package:/home/jhw0178/ros2_2026_summer_study/ros_ws/install/mini_homework1:/home/jhw0178/ros2_2026_summer_study/ros_ws/install/follow_turtle:/opt/ros/jazzy /usr/bin/cmake /home/jhw0178/ros2_2026_summer_study/open_manipulator_ws/src/open_manipulator/open_manipulator_gui -DCMKAE_BUILD_TYPE=Release -DAMENT_CMAKE_SYMLINK_INSTALL=1 -DCMAKE_INSTALL_PREFIX=/home/jhw0178/ros2_2026_summer_study/open_manipulator_ws/install/open_manipulator_gui
[0.287s] -- The C compiler identification is GNU 13.3.0
[0.937s] -- The CXX compiler identification is GNU 13.3.0
[1.469s] -- Detecting C compiler ABI info
[1.699s] -- Detecting C compiler ABI info - done
[1.706s] -- Check for working C compiler: /usr/bin/cc - skipped
[1.708s] -- Detecting C compile features
[1.709s] -- Detecting C compile features - done
[1.796s] -- Detecting CXX compiler ABI info
[2.034s] -- Detecting CXX compiler ABI info - done
[2.043s] -- Check for working CXX compiler: /usr/bin/c++ - skipped
[2.043s] -- Detecting CXX compile features
[2.044s] -- Detecting CXX compile features - done
[2.088s] -- Found ament_cmake: 2.5.6 (/opt/ros/jazzy/share/ament_cmake/cmake)
[2.232s] -- Found Python3: /usr/bin/python3 (found version "3.12.3") found components: Interpreter 
[2.346s] -- Override CMake install command with custom implementation using symlinks instead of copying resources
[2.468s] -- Found geometry_msgs: 5.3.8 (/opt/ros/jazzy/share/geometry_msgs/cmake)
[2.699s] -- Found rosidl_generator_c: 4.6.9 (/opt/ros/jazzy/share/rosidl_generator_c/cmake)
[2.724s] -- Found rosidl_generator_cpp: 4.6.9 (/opt/ros/jazzy/share/rosidl_generator_cpp/cmake)
[2.762s] -- Using all available rosidl_typesupport_c: rosidl_typesupport_fastrtps_c;rosidl_typesupport_introspection_c
[2.794s] -- Using all available rosidl_typesupport_cpp: rosidl_typesupport_fastrtps_cpp;rosidl_typesupport_introspection_cpp
[2.869s] -- Found rclcpp: 28.1.21 (/opt/ros/jazzy/share/rclcpp/cmake)
[2.977s] -- Found rmw_implementation_cmake: 7.3.3 (/opt/ros/jazzy/share/rmw_implementation_cmake/cmake)
[2.984s] -- Found rmw_fastrtps_cpp: 8.4.4 (/opt/ros/jazzy/share/rmw_fastrtps_cpp/cmake)
[3.110s] -- Found OpenSSL: /usr/lib/x86_64-linux-gnu/libcrypto.so (found version "3.0.13")  
[3.202s] -- Found FastRTPS: /opt/ros/jazzy/include (Required is at least version "2.13") 
[3.413s] -- Using RMW implementation 'rmw_fastrtps_cpp' as default
[3.673s] -- Found sensor_msgs: 5.3.8 (/opt/ros/jazzy/share/sensor_msgs/cmake)
[3.706s] -- Found moveit_msgs: 2.6.0 (/opt/ros/jazzy/share/moveit_msgs/cmake)
[3.962s] -- Found moveit_ros_planning: 2.12.4 (/opt/ros/jazzy/share/moveit_ros_planning/cmake)
[4.160s] -- Found Boost: /usr/lib/x86_64-linux-gnu/cmake/Boost-1.83.0/BoostConfig.cmake (found version "1.83.0") found components: system filesystem date_time program_options thread chrono 
[4.196s] -- Found parameter_traits: 0.7.3 (/opt/ros/jazzy/share/parameter_traits/cmake)
[4.224s] [0mCMake Deprecation Warning at /opt/ros/jazzy/share/tl_expected/cmake/tl_expectedConfig.cmake:37 (message):
[4.224s]   Package 'tl_expected' is deprecated (This package will be removed in ROS 2
[4.224s]   Lyrical Luth.
[4.224s] 
[4.224s]         Use tl/expected.hpp from libexpected-dev,
[4.224s]         or rcpputils/tl_expected/expected.hpp if the system header is not available)
[4.224s] Call Stack (most recent call first):
[4.224s]   /opt/ros/jazzy/share/parameter_traits/cmake/ament_cmake_export_dependencies-extras.cmake:21 (find_package)
[4.224s]   /opt/ros/jazzy/share/parameter_traits/cmake/parameter_traitsConfig.cmake:41 (include)
[4.224s]   /opt/ros/jazzy/share/generate_parameter_library/cmake/generate_parameter_library-extras.cmake:30 (find_package)
[4.224s]   /opt/ros/jazzy/share/generate_parameter_library/cmake/generate_parameter_libraryConfig.cmake:41 (include)
[4.224s]   /opt/ros/jazzy/share/moveit_ros_planning/cmake/ament_cmake_export_dependencies-extras.cmake:21 (find_package)
[4.224s]   /opt/ros/jazzy/share/moveit_ros_planning/cmake/moveit_ros_planningConfig.cmake:41 (include)
[4.224s]   CMakeLists.txt:21 (find_package)
[4.224s] 
[4.225s] [0m
[4.232s] -- Found rclcpp_lifecycle: 28.1.21 (/opt/ros/jazzy/share/rclcpp_lifecycle/cmake)
[4.318s] -- Found Boost: /usr/lib/x86_64-linux-gnu/cmake/Boost-1.83.0/BoostConfig.cmake (found version "1.83.0") found components: chrono date_time filesystem iostreams program_options regex serialization system thread 
[5.391s] -- Found Eigen3: TRUE (found version "3.4.0") 
[5.391s] -- Ensuring Eigen3 include directory is part of orocos-kdl CMake target
[5.661s] -- Found moveit_ros_planning_interface: 2.12.4 (/opt/ros/jazzy/share/moveit_ros_planning_interface/cmake)
[5.665s] -- Found Boost: /usr/lib/x86_64-linux-gnu/cmake/Boost-1.83.0/BoostConfig.cmake (found version "1.83.0") found components: date_time filesystem program_options system thread 
[5.684s] -- Found Boost: /usr/lib/x86_64-linux-gnu/cmake/Boost-1.83.0/BoostConfig.cmake (found version "1.83.0") found components: thread system filesystem regex date_time program_options 
[5.718s] -- Found Boost: /usr/lib/x86_64-linux-gnu/cmake/Boost-1.83.0/BoostConfig.cmake (found version "1.83.0") found components: system filesystem date_time program_options thread 
[5.987s] -- Configuring done (5.9s)
[6.141s] -- Generating done (0.1s)
[6.143s] [33mCMake Warning:
[6.144s]   Manually-specified variables were not used by the project:
[6.144s] 
[6.144s]     CMKAE_BUILD_TYPE
[6.144s] 
[6.144s] [0m
[6.158s] -- Build files have been written to: /home/jhw0178/ros2_2026_summer_study/open_manipulator_ws/build/open_manipulator_gui
[6.172s] Invoked command in '/home/jhw0178/ros2_2026_summer_study/open_manipulator_ws/build/open_manipulator_gui' returned '0': CMAKE_PREFIX_PATH=${CMAKE_PREFIX_PATH}:/home/jhw0178/ros2_2026_summer_study/open_manipulator_ws/install/open_manipulator_teleop:/home/jhw0178/ros2_2026_summer_study/open_manipulator_ws/install/open_manipulator_bringup:/home/jhw0178/ros2_2026_summer_study/ros_ws/install/tf2_basic:/home/jhw0178/ros2_2026_summer_study/ros_ws/install/my_first_package:/home/jhw0178/ros2_2026_summer_study/ros_ws/install/mini_homework1:/home/jhw0178/ros2_2026_summer_study/ros_ws/install/follow_turtle:/opt/ros/jazzy /usr/bin/cmake /home/jhw0178/ros2_2026_summer_study/open_manipulator_ws/src/open_manipulator/open_manipulator_gui -DCMKAE_BUILD_TYPE=Release -DAMENT_CMAKE_SYMLINK_INSTALL=1 -DCMAKE_INSTALL_PREFIX=/home/jhw0178/ros2_2026_summer_study/open_manipulator_ws/install/open_manipulator_gui
[6.173s] Invoking command in '/home/jhw0178/ros2_2026_summer_study/open_manipulator_ws/build/open_manipulator_gui': CMAKE_PREFIX_PATH=${CMAKE_PREFIX_PATH}:/home/jhw0178/ros2_2026_summer_study/open_manipulator_ws/install/open_manipulator_teleop:/home/jhw0178/ros2_2026_summer_study/open_manipulator_ws/install/open_manipulator_bringup:/home/jhw0178/ros2_2026_summer_study/ros_ws/install/tf2_basic:/home/jhw0178/ros2_2026_summer_study/ros_ws/install/my_first_package:/home/jhw0178/ros2_2026_summer_study/ros_ws/install/mini_homework1:/home/jhw0178/ros2_2026_summer_study/ros_ws/install/follow_turtle:/opt/ros/jazzy /usr/bin/cmake --build /home/jhw0178/ros2_2026_summer_study/open_manipulator_ws/build/open_manipulator_gui -- -j16 -l16
[6.220s] [  3%] [34m[1mGenerating ui_open_manipulator_x_main_window.h[0m
[6.221s] [  3%] [34m[1mGenerating ui_omy_3m_main_window.h[0m
[6.221s] [  5%] [34m[1mGenerating ui_omy_f3m_main_window.h[0m
[6.221s] [  7%] [34m[1mGenerating ui_omx_f_main_window.h[0m
[6.237s] [ 10%] [34m[1mGenerating omy_3m_gui/ui_omy_3m_main_window.h[0m
[6.237s] [ 12%] [34m[1mGenerating omx_f_gui/ui_omx_f_main_window.h[0m
[6.237s] [ 12%] [34m[1mGenerating open_manipulator_x_gui/ui_open_manipulator_x_main_window.h[0m
[6.238s] [ 14%] [34m[1mGenerating omy_f3m_gui/ui_omy_f3m_main_window.h[0m
[6.253s] [ 14%] Built target copy_ui_headers
[6.271s] [ 14%] Built target omy_3m_gui_node_autogen_timestamp_deps
[6.271s] [ 14%] Built target open_manipulator_x_gui_node_autogen_timestamp_deps
[6.271s] [ 14%] Built target omx_f_gui_node_autogen_timestamp_deps
[6.272s] [ 14%] Built target omy_f3m_gui_node_autogen_timestamp_deps
[6.289s] [ 19%] [34m[1mAutomatic MOC and UIC for target omy_3m_gui_node[0m
[6.289s] [ 19%] [34m[1mAutomatic MOC and UIC for target omy_f3m_gui_node[0m
[6.289s] [ 19%] [34m[1mAutomatic MOC and UIC for target omx_f_gui_node[0m
[6.347s] [ 19%] Built target omx_f_gui_node_autogen
[6.347s] [ 19%] Built target omy_f3m_gui_node_autogen
[6.347s] [ 19%] Built target omy_3m_gui_node_autogen
[6.356s] [ 21%] [34m[1mGenerating include/omy_f3m_gui/moc_main_window.cpp[0m
[6.356s] [ 23%] [34m[1mGenerating include/omx_f_gui/moc_main_window.cpp[0m
[6.356s] [ 25%] [34m[1mGenerating include/omx_f_gui/moc_qnode.cpp[0m
[6.358s] [ 26%] [34m[1mGenerating include/omy_f3m_gui/moc_qnode.cpp[0m
[6.365s] [ 28%] [34m[1mAutomatic MOC and UIC for target open_manipulator_x_gui_node[0m
[6.390s] [ 30%] [32mBuilding CXX object CMakeFiles/omx_f_gui_node.dir/omx_f_gui_node_autogen/mocs_compilation.cpp.o[0m
[6.391s] [ 33%] [32mBuilding CXX object CMakeFiles/omx_f_gui_node.dir/include/omx_f_gui/moc_main_window.cpp.o[0m
[6.391s] [ 33%] [32mBuilding CXX object CMakeFiles/omx_f_gui_node.dir/src/omx_f/main.cpp.o[0m
[6.393s] [ 37%] [32mBuilding CXX object CMakeFiles/omx_f_gui_node.dir/src/omx_f/qnode.cpp.o[0m
[6.393s] [ 37%] [32mBuilding CXX object CMakeFiles/omx_f_gui_node.dir/src/omx_f/main_window.cpp.o[0m
[6.394s] [ 39%] [32mBuilding CXX object CMakeFiles/omx_f_gui_node.dir/include/omx_f_gui/moc_qnode.cpp.o[0m
[6.397s] [ 41%] [32mBuilding CXX object CMakeFiles/omy_f3m_gui_node.dir/src/omy_f3m/qnode.cpp.o[0m
[6.397s] [ 44%] [32mBuilding CXX object CMakeFiles/omy_f3m_gui_node.dir/src/omy_f3m/main_window.cpp.o[0m
[6.398s] [ 44%] [32mBuilding CXX object CMakeFiles/omy_f3m_gui_node.dir/src/omy_f3m/main.cpp.o[0m
[6.398s] [ 46%] [32mBuilding CXX object CMakeFiles/omy_f3m_gui_node.dir/include/omy_f3m_gui/moc_qnode.cpp.o[0m
[6.398s] [ 48%] [32mBuilding CXX object CMakeFiles/omy_f3m_gui_node.dir/include/omy_f3m_gui/moc_main_window.cpp.o[0m
[6.399s] [ 50%] [32mBuilding CXX object CMakeFiles/omy_f3m_gui_node.dir/omy_f3m_gui_node_autogen/mocs_compilation.cpp.o[0m
[6.414s] [ 50%] Built target open_manipulator_x_gui_node_autogen
[6.425s] [ 51%] [34m[1mGenerating include/open_manipulator_x_gui/moc_main_window.cpp[0m
[6.426s] [ 57%] [34m[1mGenerating include/omy_3m_gui/moc_main_window.cpp[0m
[6.426s] [ 57%] [34m[1mGenerating include/omy_3m_gui/moc_qnode.cpp[0m
[6.426s] [ 57%] [34m[1mGenerating include/open_manipulator_x_gui/moc_qnode.cpp[0m
[6.487s] [ 58%] [32mBuilding CXX object CMakeFiles/omy_3m_gui_node.dir/src/omy_3m/main.cpp.o[0m
[6.495s] [ 60%] [32mBuilding CXX object CMakeFiles/omy_3m_gui_node.dir/include/omy_3m_gui/moc_main_window.cpp.o[0m
[6.495s] [ 62%] [32mBuilding CXX object CMakeFiles/omy_3m_gui_node.dir/src/omy_3m/main_window.cpp.o[0m
[6.495s] [ 64%] [32mBuilding CXX object CMakeFiles/omy_3m_gui_node.dir/omy_3m_gui_node_autogen/mocs_compilation.cpp.o[0m
[6.500s] [ 66%] [32mBuilding CXX object CMakeFiles/open_manipulator_x_gui_node.dir/open_manipulator_x_gui_node_autogen/mocs_compilation.cpp.o[0m
[6.507s] [ 67%] [32mBuilding CXX object CMakeFiles/omy_3m_gui_node.dir/src/omy_3m/qnode.cpp.o[0m
[6.546s] [ 69%] [32mBuilding CXX object CMakeFiles/omy_3m_gui_node.dir/include/omy_3m_gui/moc_qnode.cpp.o[0m
[6.550s] [ 71%] [32mBuilding CXX object CMakeFiles/open_manipulator_x_gui_node.dir/src/open_manipulator_x/main.cpp.o[0m
