/home/jhw0178/ros2_2026_summer_study/ros_ws/install/camera_opencv/lib/python3.12/site-packages/camera_opencv/img_pub.py
/home/jhw0178/ros2_2026_summer_study/ros_ws/install/camera_opencv/lib/python3.12/site-packages/camera_opencv/camera_Canny_gpt.py
/home/jhw0178/ros2_2026_summer_study/ros_ws/install/camera_opencv/lib/python3.12/site-packages/camera_opencv/color.py
/home/jhw0178/ros2_2026_summer_study/ros_ws/install/camera_opencv/lib/python3.12/site-packages/camera_opencv/img_compressed_pub.py
/home/jhw0178/ros2_2026_summer_study/ros_ws/install/camera_opencv/lib/python3.12/site-packages/camera_opencv/img_compressed_sub.py
/home/jhw0178/ros2_2026_summer_study/ros_ws/install/camera_opencv/lib/python3.12/site-packages/camera_opencv/img_show.py
/home/jhw0178/ros2_2026_summer_study/ros_ws/install/camera_opencv/lib/python3.12/site-packages/camera_opencv/camera_Canny.py
/home/jhw0178/ros2_2026_summer_study/ros_ws/install/camera_opencv/lib/python3.12/site-packages/camera_opencv/__init__.py
/home/jhw0178/ros2_2026_summer_study/ros_ws/install/camera_opencv/lib/python3.12/site-packages/camera_opencv/camera_pub.py
/home/jhw0178/ros2_2026_summer_study/ros_ws/install/camera_opencv/lib/python3.12/site-packages/camera_opencv/img_sub.py
/home/jhw0178/ros2_2026_summer_study/ros_ws/install/camera_opencv/lib/python3.12/site-packages/camera_opencv/event_draw.py
/home/jhw0178/ros2_2026_summer_study/ros_ws/install/camera_opencv/lib/python3.12/site-packages/camera_opencv/circle_follow.py
/home/jhw0178/ros2_2026_summer_study/ros_ws/install/camera_opencv/lib/python3.12/site-packages/camera_opencv/find_redball.py
/home/jhw0178/ros2_2026_summer_study/ros_ws/install/camera_opencv/lib/python3.12/site-packages/camera_opencv/__pycache__/img_pub.cpython-312.pyc
/home/jhw0178/ros2_2026_summer_study/ros_ws/install/camera_opencv/lib/python3.12/site-packages/camera_opencv/__pycache__/camera_Canny_gpt.cpython-312.pyc
/home/jhw0178/ros2_2026_summer_study/ros_ws/install/camera_opencv/lib/python3.12/site-packages/camera_opencv/__pycache__/color.cpython-312.pyc
/home/jhw0178/ros2_2026_summer_study/ros_ws/install/camera_opencv/lib/python3.12/site-packages/camera_opencv/__pycache__/img_compressed_pub.cpython-312.pyc
/home/jhw0178/ros2_2026_summer_study/ros_ws/install/camera_opencv/lib/python3.12/site-packages/camera_opencv/__pycache__/img_compressed_sub.cpython-312.pyc
/home/jhw0178/ros2_2026_summer_study/ros_ws/install/camera_opencv/lib/python3.12/site-packages/camera_opencv/__pycache__/img_show.cpython-312.pyc
/home/jhw0178/ros2_2026_summer_study/ros_ws/install/camera_opencv/lib/python3.12/site-packages/camera_opencv/__pycache__/camera_Canny.cpython-312.pyc
/home/jhw0178/ros2_2026_summer_study/ros_ws/install/camera_opencv/lib/python3.12/site-packages/camera_opencv/__pycache__/__init__.cpython-312.pyc
/home/jhw0178/ros2_2026_summer_study/ros_ws/install/camera_opencv/lib/python3.12/site-packages/camera_opencv/__pycache__/camera_pub.cpython-312.pyc
/home/jhw0178/ros2_2026_summer_study/ros_ws/install/camera_opencv/lib/python3.12/site-packages/camera_opencv/__pycache__/img_sub.cpython-312.pyc
/home/jhw0178/ros2_2026_summer_study/ros_ws/install/camera_opencv/lib/python3.12/site-packages/camera_opencv/__pycache__/event_draw.cpython-312.pyc
/home/jhw0178/ros2_2026_summer_study/ros_ws/install/camera_opencv/lib/python3.12/site-packages/camera_opencv/__pycache__/circle_follow.cpython-312.pyc
/home/jhw0178/ros2_2026_summer_study/ros_ws/install/camera_opencv/lib/python3.12/site-packages/camera_opencv/__pycache__/find_redball.cpython-312.pyc
/home/jhw0178/ros2_2026_summer_study/ros_ws/install/camera_opencv/share/ament_index/resource_index/packages/camera_opencv
/home/jhw0178/ros2_2026_summer_study/ros_ws/install/camera_opencv/share/camera_opencv/package.xml
/home/jhw0178/ros2_2026_summer_study/ros_ws/install/camera_opencv/lib/python3.12/site-packages/camera_opencv-0.0.0-py3.12.egg-info/dependency_links.txt
/home/jhw0178/ros2_2026_summer_study/ros_ws/install/camera_opencv/lib/python3.12/site-packages/camera_opencv-0.0.0-py3.12.egg-info/entry_points.txt
/home/jhw0178/ros2_2026_summer_study/ros_ws/install/camera_opencv/lib/python3.12/site-packages/camera_opencv-0.0.0-py3.12.egg-info/requires.txt
/home/jhw0178/ros2_2026_summer_study/ros_ws/install/camera_opencv/lib/python3.12/site-packages/camera_opencv-0.0.0-py3.12.egg-info/zip-safe
/home/jhw0178/ros2_2026_summer_study/ros_ws/install/camera_opencv/lib/python3.12/site-packages/camera_opencv-0.0.0-py3.12.egg-info/SOURCES.txt
/home/jhw0178/ros2_2026_summer_study/ros_ws/install/camera_opencv/lib/python3.12/site-packages/camera_opencv-0.0.0-py3.12.egg-info/PKG-INFO
/home/jhw0178/ros2_2026_summer_study/ros_ws/install/camera_opencv/lib/python3.12/site-packages/camera_opencv-0.0.0-py3.12.egg-info/top_level.txt
/home/jhw0178/ros2_2026_summer_study/ros_ws/install/camera_opencv/lib/camera_opencv/camera_Canny
/home/jhw0178/ros2_2026_summer_study/ros_ws/install/camera_opencv/lib/camera_opencv/camera_Canny_gpt
/home/jhw0178/ros2_2026_summer_study/ros_ws/install/camera_opencv/lib/camera_opencv/camera_pub
/home/jhw0178/ros2_2026_summer_study/ros_ws/install/camera_opencv/lib/camera_opencv/circle_follow
/home/jhw0178/ros2_2026_summer_study/ros_ws/install/camera_opencv/lib/camera_opencv/color
/home/jhw0178/ros2_2026_summer_study/ros_ws/install/camera_opencv/lib/camera_opencv/event_draw
/home/jhw0178/ros2_2026_summer_study/ros_ws/install/camera_opencv/lib/camera_opencv/find_redball
/home/jhw0178/ros2_2026_summer_study/ros_ws/install/camera_opencv/lib/camera_opencv/img_compressed_pub
/home/jhw0178/ros2_2026_summer_study/ros_ws/install/camera_opencv/lib/camera_opencv/img_compressed_sub
/home/jhw0178/ros2_2026_summer_study/ros_ws/install/camera_opencv/lib/camera_opencv/img_pub
/home/jhw0178/ros2_2026_summer_study/ros_ws/install/camera_opencv/lib/camera_opencv/img_show
/home/jhw0178/ros2_2026_summer_study/ros_ws/install/camera_opencv/lib/camera_opencv/img_sub
