[0.000000] (-) TimerEvent: {}
[0.000294] (camera_opencv) JobQueued: {'identifier': 'camera_opencv', 'dependencies': OrderedDict()}
[0.000456] (follow_turtle) JobQueued: {'identifier': 'follow_turtle', 'dependencies': OrderedDict()}
[0.000493] (mini_homework1) JobQueued: {'identifier': 'mini_homework1', 'dependencies': OrderedDict()}
[0.000840] (my_first_package) JobQueued: {'identifier': 'my_first_package', 'dependencies': OrderedDict()}
[0.000999] (tf2_basic) JobQueued: {'identifier': 'tf2_basic', 'dependencies': OrderedDict()}
[0.001032] (user_interface) JobQueued: {'identifier': 'user_interface', 'dependencies': OrderedDict()}
[0.001229] (camera_opencv) JobStarted: {'identifier': 'camera_opencv'}
[0.009347] (follow_turtle) JobStarted: {'identifier': 'follow_turtle'}
[0.017497] (mini_homework1) JobStarted: {'identifier': 'mini_homework1'}
[0.025255] (my_first_package) JobStarted: {'identifier': 'my_first_package'}
[0.031246] (tf2_basic) JobStarted: {'identifier': 'tf2_basic'}
[0.040038] (user_interface) JobStarted: {'identifier': 'user_interface'}
[0.099918] (-) TimerEvent: {}
[0.200525] (-) TimerEvent: {}
[0.300925] (-) TimerEvent: {}
[0.323797] (camera_opencv) StderrLine: {'line': b'Traceback (most recent call last):\n  File "/usr/lib/python3/dist-packages/colcon_core/executor/__init__.py", line 91, in __call__\n    rc = await self.task(*args, **kwargs)\n         ^^^^^^^^^^^^^^^^^^^^^^^^^^^^^^^^\n  File "/usr/lib/python3/dist-packages/colcon_core/task/__init__.py", line 120, in __call__\n    return await task_method(*args, **kwargs)\n           ^^^^^^^^^^^^^^^^^^^^^^^^^^^^^^^^^^\n  File "/usr/lib/python3/dist-packages/colcon_ros/task/ament_python/build.py", line 51, in build\n    setup_py_data = get_setup_data(self.context.pkg, env)\n                    ^^^^^^^^^^^^^^^^^^^^^^^^^^^^^^^^^^^^^\n  File "/usr/lib/python3/dist-packages/colcon_core/task/python/__init__.py", line 20, in get_setup_data\n    return dict(pkg.metadata[key](env))\n                ^^^^^^^^^^^^^^^^^^^^^^\n  File "/usr/lib/python3/dist-packages/colcon_ros/package_augmentation/ros_ament_python.py", line 57, in getter\n    return get_setup_information(\n           ^^^^^^^^^^^^^^^^^^^^^^\n  File "/usr/lib/python3/dist-packages/colcon_python_setup_py/package_identification/python_setup_py.py", line 249, in get_setup_information\n    _setup_information_cache[hashable_env] = _get_setup_information(\n                                             ^^^^^^^^^^^^^^^^^^^^^^^\n  File "/usr/lib/python3/dist-packages/colcon_python_setup_py/package_identification/python_setup_py.py", line 296, in _get_setup_information\n    result = subprocess.run(\n             ^^^^^^^^^^^^^^^\n  File "/usr/lib/python3.12/subprocess.py", line 571, in run\n    raise CalledProcessError(retcode, process.args,\nsubprocess.CalledProcessError: Command \'[\'/usr/bin/python3\', \'-c\', \'import sys;from contextlib import suppress;exec("with suppress(ImportError):    from setuptools.extern.packaging.specifiers    import SpecifierSet");exec("with suppress(ImportError):    from packaging.specifiers import SpecifierSet");from distutils.core import run_setup;dist = run_setup(    \\\'setup.py\\\', script_args=(\\\'--dry-run\\\',), stop_after=\\\'config\\\');skip_keys = (\\\'cmdclass\\\', \\\'distclass\\\', \\\'ext_modules\\\', \\\'metadata\\\');data = {    key: value for key, value in dist.__dict__.items()     if (        not key.startswith(\\\'_\\\') and         not callable(value) and         key not in skip_keys and         key not in dist.display_option_names    )};data[\\\'metadata\\\'] = {    k: v for k, v in dist.metadata.__dict__.items()     if k not in (\\\'license_files\\\', \\\'provides_extras\\\')};sys.stdout.buffer.write(repr(data).encode(\\\'utf-8\\\'))\']\' returned non-zero exit status 1.\n'}
[0.325170] (camera_opencv) JobEnded: {'identifier': 'camera_opencv', 'rc': 1}
[0.401109] (-) TimerEvent: {}
[0.501562] (-) TimerEvent: {}
[0.602012] (-) TimerEvent: {}
[0.702424] (-) TimerEvent: {}
[0.802839] (-) TimerEvent: {}
[0.903360] (-) TimerEvent: {}
[1.003755] (-) TimerEvent: {}
[1.104235] (-) TimerEvent: {}
[1.106651] (follow_turtle) JobEnded: {'identifier': 'follow_turtle', 'rc': 'SIGINT'}
[1.107895] (mini_homework1) JobEnded: {'identifier': 'mini_homework1', 'rc': 'SIGINT'}
[1.108157] (my_first_package) JobEnded: {'identifier': 'my_first_package', 'rc': 'SIGINT'}
[1.108397] (tf2_basic) JobEnded: {'identifier': 'tf2_basic', 'rc': 'SIGINT'}
[1.108650] (user_interface) JobEnded: {'identifier': 'user_interface', 'rc': 'SIGINT'}
[1.118347] (-) EventReactorShutdown: {}
