[2.225s] Invoking command in '/home/jhw0178/ros2_2026_summer_study/ros_ws/src/tf2_basic': PYTHONPATH=/home/jhw0178/ros2_2026_summer_study/ros_ws/build/tf2_basic/prefix_override:/usr/lib/python3/dist-packages/colcon_core/task/python/colcon_distutils_commands:/home/jhw0178/ros2_2026_summer_study/ros_ws/install/tf2_basic/lib/python3.12/site-packages:${PYTHONPATH} /usr/bin/python3 -W ignore:setup.py install is deprecated -W ignore:easy_install command is deprecated setup.py egg_info --egg-base ../../build/tf2_basic build --build-base /home/jhw0178/ros2_2026_summer_study/ros_ws/build/tf2_basic/build install --record /home/jhw0178/ros2_2026_summer_study/ros_ws/build/tf2_basic/install.log --install-scripts $base/lib/tf2_basic --single-version-externally-managed install_data
[2.581s] running egg_info
[2.604s] writing ../../build/tf2_basic/tf2_basic.egg-info/PKG-INFO
[2.605s] writing dependency_links to ../../build/tf2_basic/tf2_basic.egg-info/dependency_links.txt
[2.605s] writing entry points to ../../build/tf2_basic/tf2_basic.egg-info/entry_points.txt
[2.606s] writing requirements to ../../build/tf2_basic/tf2_basic.egg-info/requires.txt
[2.606s] writing top-level names to ../../build/tf2_basic/tf2_basic.egg-info/top_level.txt
[2.663s] reading manifest file '../../build/tf2_basic/tf2_basic.egg-info/SOURCES.txt'
[2.665s] writing manifest file '../../build/tf2_basic/tf2_basic.egg-info/SOURCES.txt'
[2.666s] running build
[2.666s] running build_py
[2.666s] copying tf2_basic/play_recorded_dance.py -> /home/jhw0178/ros2_2026_summer_study/ros_ws/build/tf2_basic/build/lib/tf2_basic
[2.667s] copying tf2_basic/teach_manipulator2.py -> /home/jhw0178/ros2_2026_summer_study/ros_ws/build/tf2_basic/build/lib/tf2_basic
[2.668s] running install
[2.674s] running install_lib
[2.695s] copying /home/jhw0178/ros2_2026_summer_study/ros_ws/build/tf2_basic/build/lib/tf2_basic/play_recorded_dance.py -> /home/jhw0178/ros2_2026_summer_study/ros_ws/install/tf2_basic/lib/python3.12/site-packages/tf2_basic
[2.696s] copying /home/jhw0178/ros2_2026_summer_study/ros_ws/build/tf2_basic/build/lib/tf2_basic/teach_manipulator2.py -> /home/jhw0178/ros2_2026_summer_study/ros_ws/install/tf2_basic/lib/python3.12/site-packages/tf2_basic
[2.696s] byte-compiling /home/jhw0178/ros2_2026_summer_study/ros_ws/install/tf2_basic/lib/python3.12/site-packages/tf2_basic/play_recorded_dance.py to play_recorded_dance.cpython-312.pyc
[2.698s] byte-compiling /home/jhw0178/ros2_2026_summer_study/ros_ws/install/tf2_basic/lib/python3.12/site-packages/tf2_basic/move_manipulator2.py to move_manipulator2.cpython-312.pyc
[2.699s] Sorry: IndentationError: unindent does not match any outer indentation level (move_manipulator2.py, line 63)
[2.699s] byte-compiling /home/jhw0178/ros2_2026_summer_study/ros_ws/install/tf2_basic/lib/python3.12/site-packages/tf2_basic/teach_manipulator2.py to teach_manipulator2.cpython-312.pyc
[2.701s] running install_data
[2.701s] copying data/recorded_dance.yaml -> /home/jhw0178/ros2_2026_summer_study/ros_ws/install/tf2_basic/share/tf2_basic/data
[2.702s] running install_egg_info
[2.722s] removing '/home/jhw0178/ros2_2026_summer_study/ros_ws/install/tf2_basic/lib/python3.12/site-packages/tf2_basic-0.0.0-py3.12.egg-info' (and everything under it)
[2.723s] Copying ../../build/tf2_basic/tf2_basic.egg-info to /home/jhw0178/ros2_2026_summer_study/ros_ws/install/tf2_basic/lib/python3.12/site-packages/tf2_basic-0.0.0-py3.12.egg-info
[2.725s] running install_scripts
[2.881s] Installing dance_player script to /home/jhw0178/ros2_2026_summer_study/ros_ws/install/tf2_basic/lib/tf2_basic
[2.881s] Installing dance_player_action script to /home/jhw0178/ros2_2026_summer_study/ros_ws/install/tf2_basic/lib/tf2_basic
[2.882s] Installing dynamic_turtle_tf2_broadcaster script to /home/jhw0178/ros2_2026_summer_study/ros_ws/install/tf2_basic/lib/tf2_basic
[2.883s] Installing move_manipulator script to /home/jhw0178/ros2_2026_summer_study/ros_ws/install/tf2_basic/lib/tf2_basic
[2.883s] Installing move_manipulator2 script to /home/jhw0178/ros2_2026_summer_study/ros_ws/install/tf2_basic/lib/tf2_basic
[2.883s] Installing move_manipulator_action script to /home/jhw0178/ros2_2026_summer_study/ros_ws/install/tf2_basic/lib/tf2_basic
[2.884s] Installing play_recorded_dance script to /home/jhw0178/ros2_2026_summer_study/ros_ws/install/tf2_basic/lib/tf2_basic
[2.884s] Installing static_turtle_tf2_broadcaster script to /home/jhw0178/ros2_2026_summer_study/ros_ws/install/tf2_basic/lib/tf2_basic
[2.885s] Installing teach_manipulator script to /home/jhw0178/ros2_2026_summer_study/ros_ws/install/tf2_basic/lib/tf2_basic
[2.885s] Installing teach_manipulator2 script to /home/jhw0178/ros2_2026_summer_study/ros_ws/install/tf2_basic/lib/tf2_basic
[2.885s] Installing tf_listener script to /home/jhw0178/ros2_2026_summer_study/ros_ws/install/tf2_basic/lib/tf2_basic
[2.886s] Installing tf_motion script to /home/jhw0178/ros2_2026_summer_study/ros_ws/install/tf2_basic/lib/tf2_basic
[2.886s] writing list of installed files to '/home/jhw0178/ros2_2026_summer_study/ros_ws/build/tf2_basic/install.log'
[2.964s] Invoked command in '/home/jhw0178/ros2_2026_summer_study/ros_ws/src/tf2_basic' returned '0': PYTHONPATH=/home/jhw0178/ros2_2026_summer_study/ros_ws/build/tf2_basic/prefix_override:/usr/lib/python3/dist-packages/colcon_core/task/python/colcon_distutils_commands:/home/jhw0178/ros2_2026_summer_study/ros_ws/install/tf2_basic/lib/python3.12/site-packages:${PYTHONPATH} /usr/bin/python3 -W ignore:setup.py install is deprecated -W ignore:easy_install command is deprecated setup.py egg_info --egg-base ../../build/tf2_basic build --build-base /home/jhw0178/ros2_2026_summer_study/ros_ws/build/tf2_basic/build install --record /home/jhw0178/ros2_2026_summer_study/ros_ws/build/tf2_basic/install.log --install-scripts $base/lib/tf2_basic --single-version-externally-managed install_data
