[2.601s] Invoking command in '/home/jhw0178/ros2_2026_summer_study/ros_ws/src/tf2_basic': PYTHONPATH=/home/jhw0178/ros2_2026_summer_study/ros_ws/build/tf2_basic/prefix_override:/usr/lib/python3/dist-packages/colcon_core/task/python/colcon_distutils_commands:/home/jhw0178/ros2_2026_summer_study/ros_ws/install/tf2_basic/lib/python3.12/site-packages:${PYTHONPATH} /usr/bin/python3 -W ignore:setup.py install is deprecated -W ignore:easy_install command is deprecated setup.py egg_info --egg-base ../../build/tf2_basic build --build-base /home/jhw0178/ros2_2026_summer_study/ros_ws/build/tf2_basic/build install --record /home/jhw0178/ros2_2026_summer_study/ros_ws/build/tf2_basic/install.log --install-scripts $base/lib/tf2_basic --single-version-externally-managed install_data
[2.902s] running egg_info
[2.921s] writing ../../build/tf2_basic/tf2_basic.egg-info/PKG-INFO
[2.922s] writing dependency_links to ../../build/tf2_basic/tf2_basic.egg-info/dependency_links.txt
[2.923s] writing entry points to ../../build/tf2_basic/tf2_basic.egg-info/entry_points.txt
[2.923s] writing requirements to ../../build/tf2_basic/tf2_basic.egg-info/requires.txt
[2.923s] writing top-level names to ../../build/tf2_basic/tf2_basic.egg-info/top_level.txt
[2.966s] reading manifest file '../../build/tf2_basic/tf2_basic.egg-info/SOURCES.txt'
[2.968s] writing manifest file '../../build/tf2_basic/tf2_basic.egg-info/SOURCES.txt'
[2.968s] running build
[2.968s] running build_py
[2.969s] copying tf2_basic/moveit_class2.py -> /home/jhw0178/ros2_2026_summer_study/ros_ws/build/tf2_basic/build/lib/tf2_basic
[2.970s] running install
[2.976s] running install_lib
[2.997s] copying /home/jhw0178/ros2_2026_summer_study/ros_ws/build/tf2_basic/build/lib/tf2_basic/moveit_class2.py -> /home/jhw0178/ros2_2026_summer_study/ros_ws/install/tf2_basic/lib/python3.12/site-packages/tf2_basic
[2.999s] byte-compiling /home/jhw0178/ros2_2026_summer_study/ros_ws/install/tf2_basic/lib/python3.12/site-packages/tf2_basic/move_manipulator2.py to move_manipulator2.cpython-312.pyc
[3.001s] Sorry: IndentationError: unindent does not match any outer indentation level (move_manipulator2.py, line 63)
[3.001s] byte-compiling /home/jhw0178/ros2_2026_summer_study/ros_ws/install/tf2_basic/lib/python3.12/site-packages/tf2_basic/moveit_class2.py to moveit_class2.cpython-312.pyc
[3.002s]   File "/home/jhw0178/ros2_2026_summer_study/ros_ws/install/tf2_basic/lib/python3.12/site-packages/tf2_basic/moveit_class2.py", line 38
[3.002s]     self.plan_and_execute(d
[3.002s]                           
[3.002s] SyntaxError: invalid syntax. Perhaps you forgot a comma?
[3.002s] 
[3.002s] running install_data
[3.002s] copying launch/moveit_class.launch.py -> /home/jhw0178/ros2_2026_summer_study/ros_ws/install/tf2_basic/share/tf2_basic/launch
[3.003s] running install_egg_info
[3.025s] removing '/home/jhw0178/ros2_2026_summer_study/ros_ws/install/tf2_basic/lib/python3.12/site-packages/tf2_basic-0.0.0-py3.12.egg-info' (and everything under it)
[3.025s] Copying ../../build/tf2_basic/tf2_basic.egg-info to /home/jhw0178/ros2_2026_summer_study/ros_ws/install/tf2_basic/lib/python3.12/site-packages/tf2_basic-0.0.0-py3.12.egg-info
[3.027s] running install_scripts
[3.174s] Installing dance_manipulator script to /home/jhw0178/ros2_2026_summer_study/ros_ws/install/tf2_basic/lib/tf2_basic
[3.174s] Installing dance_player script to /home/jhw0178/ros2_2026_summer_study/ros_ws/install/tf2_basic/lib/tf2_basic
[3.176s] Installing dance_player_action script to /home/jhw0178/ros2_2026_summer_study/ros_ws/install/tf2_basic/lib/tf2_basic
[3.177s] Installing dynamic_turtle_tf2_broadcaster script to /home/jhw0178/ros2_2026_summer_study/ros_ws/install/tf2_basic/lib/tf2_basic
[3.177s] Installing move_manipulator script to /home/jhw0178/ros2_2026_summer_study/ros_ws/install/tf2_basic/lib/tf2_basic
[3.178s] Installing move_manipulator2 script to /home/jhw0178/ros2_2026_summer_study/ros_ws/install/tf2_basic/lib/tf2_basic
[3.178s] Installing move_manipulator_action script to /home/jhw0178/ros2_2026_summer_study/ros_ws/install/tf2_basic/lib/tf2_basic
[3.196s] Installing moveit_class script to /home/jhw0178/ros2_2026_summer_study/ros_ws/install/tf2_basic/lib/tf2_basic
[3.196s] Installing moveit_test script to /home/jhw0178/ros2_2026_summer_study/ros_ws/install/tf2_basic/lib/tf2_basic
[3.197s] Installing play_recorded_dance script to /home/jhw0178/ros2_2026_summer_study/ros_ws/install/tf2_basic/lib/tf2_basic
[3.197s] Installing static_turtle_tf2_broadcaster script to /home/jhw0178/ros2_2026_summer_study/ros_ws/install/tf2_basic/lib/tf2_basic
[3.197s] Installing teach_manipulator script to /home/jhw0178/ros2_2026_summer_study/ros_ws/install/tf2_basic/lib/tf2_basic
[3.197s] Installing teach_manipulator2 script to /home/jhw0178/ros2_2026_summer_study/ros_ws/install/tf2_basic/lib/tf2_basic
[3.202s] Installing teach_manipulator3 script to /home/jhw0178/ros2_2026_summer_study/ros_ws/install/tf2_basic/lib/tf2_basic
[3.202s] Installing tf_listener script to /home/jhw0178/ros2_2026_summer_study/ros_ws/install/tf2_basic/lib/tf2_basic
[3.202s] Installing tf_motion script to /home/jhw0178/ros2_2026_summer_study/ros_ws/install/tf2_basic/lib/tf2_basic
[3.202s] writing list of installed files to '/home/jhw0178/ros2_2026_summer_study/ros_ws/build/tf2_basic/install.log'
[3.285s] Invoked command in '/home/jhw0178/ros2_2026_summer_study/ros_ws/src/tf2_basic' returned '0': PYTHONPATH=/home/jhw0178/ros2_2026_summer_study/ros_ws/build/tf2_basic/prefix_override:/usr/lib/python3/dist-packages/colcon_core/task/python/colcon_distutils_commands:/home/jhw0178/ros2_2026_summer_study/ros_ws/install/tf2_basic/lib/python3.12/site-packages:${PYTHONPATH} /usr/bin/python3 -W ignore:setup.py install is deprecated -W ignore:easy_install command is deprecated setup.py egg_info --egg-base ../../build/tf2_basic build --build-base /home/jhw0178/ros2_2026_summer_study/ros_ws/build/tf2_basic/build install --record /home/jhw0178/ros2_2026_summer_study/ros_ws/build/tf2_basic/install.log --install-scripts $base/lib/tf2_basic --single-version-externally-managed install_data
