[1.632s] Invoking command in '/home/jhw0178/ros2_2026_summer_study/ros_ws/src/follow_turtle': PYTHONPATH=/home/jhw0178/ros2_2026_summer_study/ros_ws/build/follow_turtle/prefix_override:/usr/lib/python3/dist-packages/colcon_core/task/python/colcon_distutils_commands:/home/jhw0178/ros2_2026_summer_study/ros_ws/install/follow_turtle/lib/python3.12/site-packages:${PYTHONPATH} /usr/bin/python3 -W ignore:setup.py install is deprecated -W ignore:easy_install command is deprecated setup.py egg_info --egg-base ../../build/follow_turtle build --build-base /home/jhw0178/ros2_2026_summer_study/ros_ws/build/follow_turtle/build install --record /home/jhw0178/ros2_2026_summer_study/ros_ws/build/follow_turtle/install.log --install-scripts $base/lib/follow_turtle --single-version-externally-managed install_data
[2.002s] running egg_info
[2.028s] writing ../../build/follow_turtle/follow_turtle.egg-info/PKG-INFO
[2.029s] writing dependency_links to ../../build/follow_turtle/follow_turtle.egg-info/dependency_links.txt
[2.030s] writing entry points to ../../build/follow_turtle/follow_turtle.egg-info/entry_points.txt
[2.030s] writing requirements to ../../build/follow_turtle/follow_turtle.egg-info/requires.txt
[2.031s] writing top-level names to ../../build/follow_turtle/follow_turtle.egg-info/top_level.txt
[2.083s] reading manifest file '../../build/follow_turtle/follow_turtle.egg-info/SOURCES.txt'
[2.085s] writing manifest file '../../build/follow_turtle/follow_turtle.egg-info/SOURCES.txt'
[2.085s] running build
[2.086s] running build_py
[2.086s] running install
[2.091s] running install_lib
[2.123s] running install_data
[2.124s] running install_egg_info
[2.146s] removing '/home/jhw0178/ros2_2026_summer_study/ros_ws/install/follow_turtle/lib/python3.12/site-packages/follow_turtle-0.0.0-py3.12.egg-info' (and everything under it)
[2.147s] Copying ../../build/follow_turtle/follow_turtle.egg-info to /home/jhw0178/ros2_2026_summer_study/ros_ws/install/follow_turtle/lib/python3.12/site-packages/follow_turtle-0.0.0-py3.12.egg-info
[2.148s] running install_scripts
[2.351s] Installing dynamic_turtle_tf2_broadcaster script to /home/jhw0178/ros2_2026_summer_study/ros_ws/install/follow_turtle/lib/follow_turtle
[2.352s] Installing tf_listener script to /home/jhw0178/ros2_2026_summer_study/ros_ws/install/follow_turtle/lib/follow_turtle
[2.352s] writing list of installed files to '/home/jhw0178/ros2_2026_summer_study/ros_ws/build/follow_turtle/install.log'
[2.423s] Invoked command in '/home/jhw0178/ros2_2026_summer_study/ros_ws/src/follow_turtle' returned '0': PYTHONPATH=/home/jhw0178/ros2_2026_summer_study/ros_ws/build/follow_turtle/prefix_override:/usr/lib/python3/dist-packages/colcon_core/task/python/colcon_distutils_commands:/home/jhw0178/ros2_2026_summer_study/ros_ws/install/follow_turtle/lib/python3.12/site-packages:${PYTHONPATH} /usr/bin/python3 -W ignore:setup.py install is deprecated -W ignore:easy_install command is deprecated setup.py egg_info --egg-base ../../build/follow_turtle build --build-base /home/jhw0178/ros2_2026_summer_study/ros_ws/build/follow_turtle/build install --record /home/jhw0178/ros2_2026_summer_study/ros_ws/build/follow_turtle/install.log --install-scripts $base/lib/follow_turtle --single-version-externally-managed install_data
