[4.017s] Invoking command in '/home/jhw0178/ros2_2026_summer_study/ros_ws/src/mini_homework1': PYTHONPATH=/home/jhw0178/ros2_2026_summer_study/ros_ws/build/mini_homework1/prefix_override:/usr/lib/python3/dist-packages/colcon_core/task/python/colcon_distutils_commands:/home/jhw0178/ros2_2026_summer_study/ros_ws/install/mini_homework1/lib/python3.12/site-packages:${PYTHONPATH} VIRTUAL_ENV_PROMPT=(.venv) /usr/bin/python3 -W ignore:setup.py install is deprecated -W ignore:easy_install command is deprecated setup.py egg_info --egg-base ../../build/mini_homework1 build --build-base /home/jhw0178/ros2_2026_summer_study/ros_ws/build/mini_homework1/build install --record /home/jhw0178/ros2_2026_summer_study/ros_ws/build/mini_homework1/install.log --install-scripts $base/lib/mini_homework1 --single-version-externally-managed install_data
[4.587s] running egg_info
[4.621s] writing ../../build/mini_homework1/mini_homework1.egg-info/PKG-INFO
[4.622s] writing dependency_links to ../../build/mini_homework1/mini_homework1.egg-info/dependency_links.txt
[4.622s] writing entry points to ../../build/mini_homework1/mini_homework1.egg-info/entry_points.txt
[4.622s] writing requirements to ../../build/mini_homework1/mini_homework1.egg-info/requires.txt
[4.623s] writing top-level names to ../../build/mini_homework1/mini_homework1.egg-info/top_level.txt
[4.694s] reading manifest file '../../build/mini_homework1/mini_homework1.egg-info/SOURCES.txt'
[4.696s] writing manifest file '../../build/mini_homework1/mini_homework1.egg-info/SOURCES.txt'
[4.696s] running build
[4.696s] running build_py
[4.699s] running install
[4.708s] running install_lib
[4.752s] running install_data
[4.753s] running install_egg_info
[4.806s] removing '/home/jhw0178/ros2_2026_summer_study/ros_ws/install/mini_homework1/lib/python3.12/site-packages/mini_homework1-0.0.0-py3.12.egg-info' (and everything under it)
[4.808s] Copying ../../build/mini_homework1/mini_homework1.egg-info to /home/jhw0178/ros2_2026_summer_study/ros_ws/install/mini_homework1/lib/python3.12/site-packages/mini_homework1-0.0.0-py3.12.egg-info
[4.808s] running install_scripts
[5.081s] Installing publisher script to /home/jhw0178/ros2_2026_summer_study/ros_ws/install/mini_homework1/lib/mini_homework1
[5.081s] Installing subscriber1 script to /home/jhw0178/ros2_2026_summer_study/ros_ws/install/mini_homework1/lib/mini_homework1
[5.082s] Installing subscriber2 script to /home/jhw0178/ros2_2026_summer_study/ros_ws/install/mini_homework1/lib/mini_homework1
[5.082s] Installing time_and_topic1_subscriber script to /home/jhw0178/ros2_2026_summer_study/ros_ws/install/mini_homework1/lib/mini_homework1
[5.082s] Installing time_publisher script to /home/jhw0178/ros2_2026_summer_study/ros_ws/install/mini_homework1/lib/mini_homework1
[5.083s] writing list of installed files to '/home/jhw0178/ros2_2026_summer_study/ros_ws/build/mini_homework1/install.log'
[5.151s] Invoked command in '/home/jhw0178/ros2_2026_summer_study/ros_ws/src/mini_homework1' returned '0': PYTHONPATH=/home/jhw0178/ros2_2026_summer_study/ros_ws/build/mini_homework1/prefix_override:/usr/lib/python3/dist-packages/colcon_core/task/python/colcon_distutils_commands:/home/jhw0178/ros2_2026_summer_study/ros_ws/install/mini_homework1/lib/python3.12/site-packages:${PYTHONPATH} VIRTUAL_ENV_PROMPT=(.venv) /usr/bin/python3 -W ignore:setup.py install is deprecated -W ignore:easy_install command is deprecated setup.py egg_info --egg-base ../../build/mini_homework1 build --build-base /home/jhw0178/ros2_2026_summer_study/ros_ws/build/mini_homework1/build install --record /home/jhw0178/ros2_2026_summer_study/ros_ws/build/mini_homework1/install.log --install-scripts $base/lib/mini_homework1 --single-version-externally-managed install_data
