[2.147s] Invoking command in '/home/jhw0178/ros2_2026_summer_study/ros_ws/src/camera_opencv': PYTHONPATH=/home/jhw0178/ros2_2026_summer_study/ros_ws/build/camera_opencv/prefix_override:/usr/lib/python3/dist-packages/colcon_core/task/python/colcon_distutils_commands:/home/jhw0178/ros2_2026_summer_study/ros_ws/install/camera_opencv/lib/python3.12/site-packages:${PYTHONPATH} VIRTUAL_ENV_PROMPT=(.venv) /usr/bin/python3 -W ignore:setup.py install is deprecated -W ignore:easy_install command is deprecated setup.py egg_info --egg-base ../../build/camera_opencv build --build-base /home/jhw0178/ros2_2026_summer_study/ros_ws/build/camera_opencv/build install --record /home/jhw0178/ros2_2026_summer_study/ros_ws/build/camera_opencv/install.log --install-scripts $base/lib/camera_opencv --single-version-externally-managed install_data
[2.474s] running egg_info
[2.505s] writing ../../build/camera_opencv/camera_opencv.egg-info/PKG-INFO
[2.505s] writing dependency_links to ../../build/camera_opencv/camera_opencv.egg-info/dependency_links.txt
[2.506s] writing entry points to ../../build/camera_opencv/camera_opencv.egg-info/entry_points.txt
[2.506s] writing requirements to ../../build/camera_opencv/camera_opencv.egg-info/requires.txt
[2.506s] writing top-level names to ../../build/camera_opencv/camera_opencv.egg-info/top_level.txt
[2.567s] reading manifest file '../../build/camera_opencv/camera_opencv.egg-info/SOURCES.txt'
[2.569s] writing manifest file '../../build/camera_opencv/camera_opencv.egg-info/SOURCES.txt'
[2.570s] running build
[2.570s] running build_py
[2.571s] running install
[2.580s] running install_lib
[2.624s] running install_data
[2.625s] running install_egg_info
[2.660s] removing '/home/jhw0178/ros2_2026_summer_study/ros_ws/install/camera_opencv/lib/python3.12/site-packages/camera_opencv-0.0.0-py3.12.egg-info' (and everything under it)
[2.661s] Copying ../../build/camera_opencv/camera_opencv.egg-info to /home/jhw0178/ros2_2026_summer_study/ros_ws/install/camera_opencv/lib/python3.12/site-packages/camera_opencv-0.0.0-py3.12.egg-info
[2.664s] running install_scripts
[2.880s] Installing camera_pub script to /home/jhw0178/ros2_2026_summer_study/ros_ws/install/camera_opencv/lib/camera_opencv
[2.880s] Installing circle_follow script to /home/jhw0178/ros2_2026_summer_study/ros_ws/install/camera_opencv/lib/camera_opencv
[2.881s] Installing color script to /home/jhw0178/ros2_2026_summer_study/ros_ws/install/camera_opencv/lib/camera_opencv
[2.882s] Installing event_draw script to /home/jhw0178/ros2_2026_summer_study/ros_ws/install/camera_opencv/lib/camera_opencv
[2.883s] Installing find_redball script to /home/jhw0178/ros2_2026_summer_study/ros_ws/install/camera_opencv/lib/camera_opencv
[2.884s] Installing img_compressed_pub script to /home/jhw0178/ros2_2026_summer_study/ros_ws/install/camera_opencv/lib/camera_opencv
[2.884s] Installing img_compressed_sub script to /home/jhw0178/ros2_2026_summer_study/ros_ws/install/camera_opencv/lib/camera_opencv
[2.885s] Installing img_pub script to /home/jhw0178/ros2_2026_summer_study/ros_ws/install/camera_opencv/lib/camera_opencv
[2.885s] Installing img_show script to /home/jhw0178/ros2_2026_summer_study/ros_ws/install/camera_opencv/lib/camera_opencv
[2.885s] Installing img_sub script to /home/jhw0178/ros2_2026_summer_study/ros_ws/install/camera_opencv/lib/camera_opencv
[2.886s] writing list of installed files to '/home/jhw0178/ros2_2026_summer_study/ros_ws/build/camera_opencv/install.log'
[2.934s] Invoked command in '/home/jhw0178/ros2_2026_summer_study/ros_ws/src/camera_opencv' returned '0': PYTHONPATH=/home/jhw0178/ros2_2026_summer_study/ros_ws/build/camera_opencv/prefix_override:/usr/lib/python3/dist-packages/colcon_core/task/python/colcon_distutils_commands:/home/jhw0178/ros2_2026_summer_study/ros_ws/install/camera_opencv/lib/python3.12/site-packages:${PYTHONPATH} VIRTUAL_ENV_PROMPT=(.venv) /usr/bin/python3 -W ignore:setup.py install is deprecated -W ignore:easy_install command is deprecated setup.py egg_info --egg-base ../../build/camera_opencv build --build-base /home/jhw0178/ros2_2026_summer_study/ros_ws/build/camera_opencv/build install --record /home/jhw0178/ros2_2026_summer_study/ros_ws/build/camera_opencv/install.log --install-scripts $base/lib/camera_opencv --single-version-externally-managed install_data
