running egg_info
creating ../../build/camera_opencv/camera_opencv.egg-info
writing ../../build/camera_opencv/camera_opencv.egg-info/PKG-INFO
writing dependency_links to ../../build/camera_opencv/camera_opencv.egg-info/dependency_links.txt
writing entry points to ../../build/camera_opencv/camera_opencv.egg-info/entry_points.txt
writing requirements to ../../build/camera_opencv/camera_opencv.egg-info/requires.txt
writing top-level names to ../../build/camera_opencv/camera_opencv.egg-info/top_level.txt
writing manifest file '../../build/camera_opencv/camera_opencv.egg-info/SOURCES.txt'
reading manifest file '../../build/camera_opencv/camera_opencv.egg-info/SOURCES.txt'
writing manifest file '../../build/camera_opencv/camera_opencv.egg-info/SOURCES.txt'
running build
running build_py
creating /home/jhw0178/ros2_2026_summer_study/ros_ws/build/camera_opencv/build
creating /home/jhw0178/ros2_2026_summer_study/ros_ws/build/camera_opencv/build/lib
creating /home/jhw0178/ros2_2026_summer_study/ros_ws/build/camera_opencv/build/lib/camera_opencv
copying camera_opencv/img_show.py -> /home/jhw0178/ros2_2026_summer_study/ros_ws/build/camera_opencv/build/lib/camera_opencv
copying camera_opencv/__init__.py -> /home/jhw0178/ros2_2026_summer_study/ros_ws/build/camera_opencv/build/lib/camera_opencv
running install
running install_lib
creating /home/jhw0178/ros2_2026_summer_study/ros_ws/install/camera_opencv/lib/python3.12/site-packages/camera_opencv
copying /home/jhw0178/ros2_2026_summer_study/ros_ws/build/camera_opencv/build/lib/camera_opencv/img_show.py -> /home/jhw0178/ros2_2026_summer_study/ros_ws/install/camera_opencv/lib/python3.12/site-packages/camera_opencv
copying /home/jhw0178/ros2_2026_summer_study/ros_ws/build/camera_opencv/build/lib/camera_opencv/__init__.py -> /home/jhw0178/ros2_2026_summer_study/ros_ws/install/camera_opencv/lib/python3.12/site-packages/camera_opencv
byte-compiling /home/jhw0178/ros2_2026_summer_study/ros_ws/install/camera_opencv/lib/python3.12/site-packages/camera_opencv/img_show.py to img_show.cpython-312.pyc
byte-compiling /home/jhw0178/ros2_2026_summer_study/ros_ws/install/camera_opencv/lib/python3.12/site-packages/camera_opencv/__init__.py to __init__.cpython-312.pyc
running install_data
creating /home/jhw0178/ros2_2026_summer_study/ros_ws/install/camera_opencv/share/ament_index
creating /home/jhw0178/ros2_2026_summer_study/ros_ws/install/camera_opencv/share/ament_index/resource_index
creating /home/jhw0178/ros2_2026_summer_study/ros_ws/install/camera_opencv/share/ament_index/resource_index/packages
copying resource/camera_opencv -> /home/jhw0178/ros2_2026_summer_study/ros_ws/install/camera_opencv/share/ament_index/resource_index/packages
copying package.xml -> /home/jhw0178/ros2_2026_summer_study/ros_ws/install/camera_opencv/share/camera_opencv
running install_egg_info
Copying ../../build/camera_opencv/camera_opencv.egg-info to /home/jhw0178/ros2_2026_summer_study/ros_ws/install/camera_opencv/lib/python3.12/site-packages/camera_opencv-0.0.0-py3.12.egg-info
running install_scripts
Installing img_show script to /home/jhw0178/ros2_2026_summer_study/ros_ws/install/camera_opencv/lib/camera_opencv
writing list of installed files to '/home/jhw0178/ros2_2026_summer_study/ros_ws/build/camera_opencv/install.log'
