[1.866s] Invoking command in '/home/jhw0178/ros2_2026_summer_study/ros_ws/src/camera_opencv': PYTHONPATH=/home/jhw0178/ros2_2026_summer_study/ros_ws/build/camera_opencv/prefix_override:/usr/lib/python3/dist-packages/colcon_core/task/python/colcon_distutils_commands:/home/jhw0178/ros2_2026_summer_study/ros_ws/install/camera_opencv/lib/python3.12/site-packages:${PYTHONPATH} VIRTUAL_ENV_PROMPT=(.venv) /usr/bin/python3 -W ignore:setup.py install is deprecated -W ignore:easy_install command is deprecated setup.py egg_info --egg-base ../../build/camera_opencv build --build-base /home/jhw0178/ros2_2026_summer_study/ros_ws/build/camera_opencv/build install --record /home/jhw0178/ros2_2026_summer_study/ros_ws/build/camera_opencv/install.log --install-scripts $base/lib/camera_opencv --single-version-externally-managed install_data
[2.178s] running egg_info
[2.179s] creating ../../build/camera_opencv/camera_opencv.egg-info
[2.198s] writing ../../build/camera_opencv/camera_opencv.egg-info/PKG-INFO
[2.199s] writing dependency_links to ../../build/camera_opencv/camera_opencv.egg-info/dependency_links.txt
[2.199s] writing entry points to ../../build/camera_opencv/camera_opencv.egg-info/entry_points.txt
[2.199s] writing requirements to ../../build/camera_opencv/camera_opencv.egg-info/requires.txt
[2.199s] writing top-level names to ../../build/camera_opencv/camera_opencv.egg-info/top_level.txt
[2.199s] writing manifest file '../../build/camera_opencv/camera_opencv.egg-info/SOURCES.txt'
[2.238s] reading manifest file '../../build/camera_opencv/camera_opencv.egg-info/SOURCES.txt'
[2.239s] writing manifest file '../../build/camera_opencv/camera_opencv.egg-info/SOURCES.txt'
[2.239s] running build
[2.240s] running build_py
[2.240s] creating /home/jhw0178/ros2_2026_summer_study/ros_ws/build/camera_opencv/build
[2.240s] creating /home/jhw0178/ros2_2026_summer_study/ros_ws/build/camera_opencv/build/lib
[2.241s] creating /home/jhw0178/ros2_2026_summer_study/ros_ws/build/camera_opencv/build/lib/camera_opencv
[2.242s] copying camera_opencv/img_show.py -> /home/jhw0178/ros2_2026_summer_study/ros_ws/build/camera_opencv/build/lib/camera_opencv
[2.242s] copying camera_opencv/__init__.py -> /home/jhw0178/ros2_2026_summer_study/ros_ws/build/camera_opencv/build/lib/camera_opencv
[2.243s] running install
[2.248s] running install_lib
[2.274s] creating /home/jhw0178/ros2_2026_summer_study/ros_ws/install/camera_opencv/lib/python3.12/site-packages/camera_opencv
[2.274s] copying /home/jhw0178/ros2_2026_summer_study/ros_ws/build/camera_opencv/build/lib/camera_opencv/img_show.py -> /home/jhw0178/ros2_2026_summer_study/ros_ws/install/camera_opencv/lib/python3.12/site-packages/camera_opencv
[2.274s] copying /home/jhw0178/ros2_2026_summer_study/ros_ws/build/camera_opencv/build/lib/camera_opencv/__init__.py -> /home/jhw0178/ros2_2026_summer_study/ros_ws/install/camera_opencv/lib/python3.12/site-packages/camera_opencv
[2.274s] byte-compiling /home/jhw0178/ros2_2026_summer_study/ros_ws/install/camera_opencv/lib/python3.12/site-packages/camera_opencv/img_show.py to img_show.cpython-312.pyc
[2.274s] byte-compiling /home/jhw0178/ros2_2026_summer_study/ros_ws/install/camera_opencv/lib/python3.12/site-packages/camera_opencv/__init__.py to __init__.cpython-312.pyc
[2.275s] running install_data
[2.275s] creating /home/jhw0178/ros2_2026_summer_study/ros_ws/install/camera_opencv/share/ament_index
[2.275s] creating /home/jhw0178/ros2_2026_summer_study/ros_ws/install/camera_opencv/share/ament_index/resource_index
[2.276s] creating /home/jhw0178/ros2_2026_summer_study/ros_ws/install/camera_opencv/share/ament_index/resource_index/packages
[2.276s] copying resource/camera_opencv -> /home/jhw0178/ros2_2026_summer_study/ros_ws/install/camera_opencv/share/ament_index/resource_index/packages
[2.276s] copying package.xml -> /home/jhw0178/ros2_2026_summer_study/ros_ws/install/camera_opencv/share/camera_opencv
[2.276s] running install_egg_info
[2.294s] Copying ../../build/camera_opencv/camera_opencv.egg-info to /home/jhw0178/ros2_2026_summer_study/ros_ws/install/camera_opencv/lib/python3.12/site-packages/camera_opencv-0.0.0-py3.12.egg-info
[2.295s] running install_scripts
[2.417s] Installing img_show script to /home/jhw0178/ros2_2026_summer_study/ros_ws/install/camera_opencv/lib/camera_opencv
[2.418s] writing list of installed files to '/home/jhw0178/ros2_2026_summer_study/ros_ws/build/camera_opencv/install.log'
[2.466s] Invoked command in '/home/jhw0178/ros2_2026_summer_study/ros_ws/src/camera_opencv' returned '0': PYTHONPATH=/home/jhw0178/ros2_2026_summer_study/ros_ws/build/camera_opencv/prefix_override:/usr/lib/python3/dist-packages/colcon_core/task/python/colcon_distutils_commands:/home/jhw0178/ros2_2026_summer_study/ros_ws/install/camera_opencv/lib/python3.12/site-packages:${PYTHONPATH} VIRTUAL_ENV_PROMPT=(.venv) /usr/bin/python3 -W ignore:setup.py install is deprecated -W ignore:easy_install command is deprecated setup.py egg_info --egg-base ../../build/camera_opencv build --build-base /home/jhw0178/ros2_2026_summer_study/ros_ws/build/camera_opencv/build install --record /home/jhw0178/ros2_2026_summer_study/ros_ws/build/camera_opencv/install.log --install-scripts $base/lib/camera_opencv --single-version-externally-managed install_data
