[2.778s] Invoking command in '/home/jhw0178/ros2_2026_summer_study/ros_ws/src/follow_turtle': PYTHONPATH=/home/jhw0178/ros2_2026_summer_study/ros_ws/build/follow_turtle/prefix_override:/usr/lib/python3/dist-packages/colcon_core/task/python/colcon_distutils_commands:/home/jhw0178/ros2_2026_summer_study/ros_ws/install/follow_turtle/lib/python3.12/site-packages:${PYTHONPATH} /usr/bin/python3 -W ignore:setup.py install is deprecated -W ignore:easy_install command is deprecated setup.py egg_info --egg-base ../../build/follow_turtle build --build-base /home/jhw0178/ros2_2026_summer_study/ros_ws/build/follow_turtle/build install --record /home/jhw0178/ros2_2026_summer_study/ros_ws/build/follow_turtle/install.log --install-scripts $base/lib/follow_turtle --single-version-externally-managed install_data
[3.203s] running egg_info
[3.224s] writing ../../build/follow_turtle/follow_turtle.egg-info/PKG-INFO
[3.229s] writing dependency_links to ../../build/follow_turtle/follow_turtle.egg-info/dependency_links.txt
[3.230s] writing entry points to ../../build/follow_turtle/follow_turtle.egg-info/entry_points.txt
[3.230s] writing requirements to ../../build/follow_turtle/follow_turtle.egg-info/requires.txt
[3.230s] writing top-level names to ../../build/follow_turtle/follow_turtle.egg-info/top_level.txt
[3.279s] reading manifest file '../../build/follow_turtle/follow_turtle.egg-info/SOURCES.txt'
[3.281s] writing manifest file '../../build/follow_turtle/follow_turtle.egg-info/SOURCES.txt'
[3.282s] running build
[3.282s] running build_py
[3.282s] running install
[3.294s] running install_lib
[3.324s] running install_data
[3.324s] running install_egg_info
[3.356s] removing '/home/jhw0178/ros2_2026_summer_study/ros_ws/install/follow_turtle/lib/python3.12/site-packages/follow_turtle-0.0.0-py3.12.egg-info' (and everything under it)
[3.357s] Copying ../../build/follow_turtle/follow_turtle.egg-info to /home/jhw0178/ros2_2026_summer_study/ros_ws/install/follow_turtle/lib/python3.12/site-packages/follow_turtle-0.0.0-py3.12.egg-info
[3.358s] running install_scripts
[3.544s] Installing dynamic_turtle_tf2_broadcaster script to /home/jhw0178/ros2_2026_summer_study/ros_ws/install/follow_turtle/lib/follow_turtle
[3.544s] Installing tf_listener script to /home/jhw0178/ros2_2026_summer_study/ros_ws/install/follow_turtle/lib/follow_turtle
[3.545s] writing list of installed files to '/home/jhw0178/ros2_2026_summer_study/ros_ws/build/follow_turtle/install.log'
[3.606s] Invoked command in '/home/jhw0178/ros2_2026_summer_study/ros_ws/src/follow_turtle' returned '0': PYTHONPATH=/home/jhw0178/ros2_2026_summer_study/ros_ws/build/follow_turtle/prefix_override:/usr/lib/python3/dist-packages/colcon_core/task/python/colcon_distutils_commands:/home/jhw0178/ros2_2026_summer_study/ros_ws/install/follow_turtle/lib/python3.12/site-packages:${PYTHONPATH} /usr/bin/python3 -W ignore:setup.py install is deprecated -W ignore:easy_install command is deprecated setup.py egg_info --egg-base ../../build/follow_turtle build --build-base /home/jhw0178/ros2_2026_summer_study/ros_ws/build/follow_turtle/build install --record /home/jhw0178/ros2_2026_summer_study/ros_ws/build/follow_turtle/install.log --install-scripts $base/lib/follow_turtle --single-version-externally-managed install_data
