running egg_info
writing ../../build/camera_opencv/camera_opencv.egg-info/PKG-INFO
writing dependency_links to ../../build/camera_opencv/camera_opencv.egg-info/dependency_links.txt
writing entry points to ../../build/camera_opencv/camera_opencv.egg-info/entry_points.txt
writing requirements to ../../build/camera_opencv/camera_opencv.egg-info/requires.txt
writing top-level names to ../../build/camera_opencv/camera_opencv.egg-info/top_level.txt
reading manifest file '../../build/camera_opencv/camera_opencv.egg-info/SOURCES.txt'
writing manifest file '../../build/camera_opencv/camera_opencv.egg-info/SOURCES.txt'
running build
running build_py
copying camera_opencv/find_redball.py -> /home/jhw0178/ros2_2026_summer_study/ros_ws/build/camera_opencv/build/lib/camera_opencv
running install
running install_lib
copying /home/jhw0178/ros2_2026_summer_study/ros_ws/build/camera_opencv/build/lib/camera_opencv/find_redball.py -> /home/jhw0178/ros2_2026_summer_study/ros_ws/install/camera_opencv/lib/python3.12/site-packages/camera_opencv
byte-compiling /home/jhw0178/ros2_2026_summer_study/ros_ws/install/camera_opencv/lib/python3.12/site-packages/camera_opencv/find_redball.py to find_redball.cpython-312.pyc
running install_data
running install_egg_info
removing '/home/jhw0178/ros2_2026_summer_study/ros_ws/install/camera_opencv/lib/python3.12/site-packages/camera_opencv-0.0.0-py3.12.egg-info' (and everything under it)
Copying ../../build/camera_opencv/camera_opencv.egg-info to /home/jhw0178/ros2_2026_summer_study/ros_ws/install/camera_opencv/lib/python3.12/site-packages/camera_opencv-0.0.0-py3.12.egg-info
running install_scripts
Installing camera_pub script to /home/jhw0178/ros2_2026_summer_study/ros_ws/install/camera_opencv/lib/camera_opencv
Installing circle_follow script to /home/jhw0178/ros2_2026_summer_study/ros_ws/install/camera_opencv/lib/camera_opencv
Installing color script to /home/jhw0178/ros2_2026_summer_study/ros_ws/install/camera_opencv/lib/camera_opencv
Installing event_draw script to /home/jhw0178/ros2_2026_summer_study/ros_ws/install/camera_opencv/lib/camera_opencv
Installing find_redball script to /home/jhw0178/ros2_2026_summer_study/ros_ws/install/camera_opencv/lib/camera_opencv
Installing img_compressed_pub script to /home/jhw0178/ros2_2026_summer_study/ros_ws/install/camera_opencv/lib/camera_opencv
Installing img_compressed_sub script to /home/jhw0178/ros2_2026_summer_study/ros_ws/install/camera_opencv/lib/camera_opencv
Installing img_pub script to /home/jhw0178/ros2_2026_summer_study/ros_ws/install/camera_opencv/lib/camera_opencv
Installing img_show script to /home/jhw0178/ros2_2026_summer_study/ros_ws/install/camera_opencv/lib/camera_opencv
Installing img_sub script to /home/jhw0178/ros2_2026_summer_study/ros_ws/install/camera_opencv/lib/camera_opencv
writing list of installed files to '/home/jhw0178/ros2_2026_summer_study/ros_ws/build/camera_opencv/install.log'
