[2.522s] Invoking command in '/home/jhw0178/ros2_2026_summer_study/ros_ws/src/follow_turtle': PYTHONPATH=/home/jhw0178/ros2_2026_summer_study/ros_ws/build/follow_turtle/prefix_override:/usr/lib/python3/dist-packages/colcon_core/task/python/colcon_distutils_commands:/home/jhw0178/ros2_2026_summer_study/ros_ws/install/follow_turtle/lib/python3.12/site-packages:${PYTHONPATH} VIRTUAL_ENV_PROMPT=(.venv) /usr/bin/python3 -W ignore:setup.py install is deprecated -W ignore:easy_install command is deprecated setup.py egg_info --egg-base ../../build/follow_turtle build --build-base /home/jhw0178/ros2_2026_summer_study/ros_ws/build/follow_turtle/build install --record /home/jhw0178/ros2_2026_summer_study/ros_ws/build/follow_turtle/install.log --install-scripts $base/lib/follow_turtle --single-version-externally-managed install_data
[2.855s] running egg_info
[2.883s] writing ../../build/follow_turtle/follow_turtle.egg-info/PKG-INFO
[2.885s] writing dependency_links to ../../build/follow_turtle/follow_turtle.egg-info/dependency_links.txt
[2.885s] writing entry points to ../../build/follow_turtle/follow_turtle.egg-info/entry_points.txt
[2.885s] writing requirements to ../../build/follow_turtle/follow_turtle.egg-info/requires.txt
[2.885s] writing top-level names to ../../build/follow_turtle/follow_turtle.egg-info/top_level.txt
[2.940s] reading manifest file '../../build/follow_turtle/follow_turtle.egg-info/SOURCES.txt'
[2.942s] writing manifest file '../../build/follow_turtle/follow_turtle.egg-info/SOURCES.txt'
[2.942s] running build
[2.942s] running build_py
[2.943s] running install
[2.950s] running install_lib
[2.977s] running install_data
[2.978s] running install_egg_info
[2.998s] removing '/home/jhw0178/ros2_2026_summer_study/ros_ws/install/follow_turtle/lib/python3.12/site-packages/follow_turtle-0.0.0-py3.12.egg-info' (and everything under it)
[2.999s] Copying ../../build/follow_turtle/follow_turtle.egg-info to /home/jhw0178/ros2_2026_summer_study/ros_ws/install/follow_turtle/lib/python3.12/site-packages/follow_turtle-0.0.0-py3.12.egg-info
[3.001s] running install_scripts
[3.173s] Installing dynamic_turtle_tf2_broadcaster script to /home/jhw0178/ros2_2026_summer_study/ros_ws/install/follow_turtle/lib/follow_turtle
[3.178s] Installing tf_listener script to /home/jhw0178/ros2_2026_summer_study/ros_ws/install/follow_turtle/lib/follow_turtle
[3.178s] writing list of installed files to '/home/jhw0178/ros2_2026_summer_study/ros_ws/build/follow_turtle/install.log'
[3.232s] Invoked command in '/home/jhw0178/ros2_2026_summer_study/ros_ws/src/follow_turtle' returned '0': PYTHONPATH=/home/jhw0178/ros2_2026_summer_study/ros_ws/build/follow_turtle/prefix_override:/usr/lib/python3/dist-packages/colcon_core/task/python/colcon_distutils_commands:/home/jhw0178/ros2_2026_summer_study/ros_ws/install/follow_turtle/lib/python3.12/site-packages:${PYTHONPATH} VIRTUAL_ENV_PROMPT=(.venv) /usr/bin/python3 -W ignore:setup.py install is deprecated -W ignore:easy_install command is deprecated setup.py egg_info --egg-base ../../build/follow_turtle build --build-base /home/jhw0178/ros2_2026_summer_study/ros_ws/build/follow_turtle/build install --record /home/jhw0178/ros2_2026_summer_study/ros_ws/build/follow_turtle/install.log --install-scripts $base/lib/follow_turtle --single-version-externally-managed install_data
