[0.012s] Invoking command in '/home/jhw0178/ros2_2026_summer_study/open_manipulator_ws/build/open_manipulator_playground': CMAKE_PREFIX_PATH=${CMAKE_PREFIX_PATH}:/home/jhw0178/ros2_2026_summer_study/ros_ws/install/tf2_basic:/home/jhw0178/ros2_2026_summer_study/ros_ws/install/my_first_package:/home/jhw0178/ros2_2026_summer_study/ros_ws/install/mini_homework1:/home/jhw0178/ros2_2026_summer_study/ros_ws/install/follow_turtle:/opt/ros/jazzy /usr/bin/cmake /home/jhw0178/ros2_2026_summer_study/open_manipulator_ws/src/open_manipulator/open_manipulator_playground -DCMAKE_BUILD_TYPE=Release -DAMENT_CMAKE_SYMLINK_INSTALL=1 -DCMAKE_INSTALL_PREFIX=/home/jhw0178/ros2_2026_summer_study/open_manipulator_ws/install/open_manipulator_playground
[0.090s] -- The C compiler identification is GNU 13.3.0
[0.669s] -- The CXX compiler identification is GNU 13.3.0
[1.100s] -- Detecting C compiler ABI info
[1.328s] -- Detecting C compiler ABI info - done
[1.335s] -- Check for working C compiler: /usr/bin/cc - skipped
[1.335s] -- Detecting C compile features
[1.335s] -- Detecting C compile features - done
[1.550s] -- Detecting CXX compiler ABI info
[1.811s] -- Detecting CXX compiler ABI info - done
[1.818s] -- Check for working CXX compiler: /usr/bin/c++ - skipped
[1.818s] -- Detecting CXX compile features
[1.818s] -- Detecting CXX compile features - done
[1.822s] -- Found ament_cmake: 2.5.6 (/opt/ros/jazzy/share/ament_cmake/cmake)
[1.966s] -- Found Python3: /usr/bin/python3 (found version "3.12.3") found components: Interpreter 
[2.031s] -- Override CMake install command with custom implementation using symlinks instead of copying resources
[2.073s] -- Found moveit_ros_planning_interface: 2.12.4 (/opt/ros/jazzy/share/moveit_ros_planning_interface/cmake)
[2.328s] -- Found Boost: /usr/lib/x86_64-linux-gnu/cmake/Boost-1.83.0/BoostConfig.cmake (found version "1.83.0") found components: date_time filesystem program_options system thread 
[2.579s] -- Found rosidl_generator_c: 4.6.9 (/opt/ros/jazzy/share/rosidl_generator_c/cmake)
[2.593s] -- Found rosidl_generator_cpp: 4.6.9 (/opt/ros/jazzy/share/rosidl_generator_cpp/cmake)
[2.609s] -- Using all available rosidl_typesupport_c: rosidl_typesupport_fastrtps_c;rosidl_typesupport_introspection_c
[2.630s] -- Using all available rosidl_typesupport_cpp: rosidl_typesupport_fastrtps_cpp;rosidl_typesupport_introspection_cpp
[2.999s] -- Found Boost: /usr/lib/x86_64-linux-gnu/cmake/Boost-1.83.0/BoostConfig.cmake (found version "1.83.0") found components: chrono date_time filesystem iostreams program_options regex serialization system thread 
[3.960s] -- Found parameter_traits: 0.7.3 (/opt/ros/jazzy/share/parameter_traits/cmake)
[4.004s] -- Found rmw_implementation_cmake: 7.3.3 (/opt/ros/jazzy/share/rmw_implementation_cmake/cmake)
[4.008s] -- Found rmw_fastrtps_cpp: 8.4.4 (/opt/ros/jazzy/share/rmw_fastrtps_cpp/cmake)
[4.077s] -- Found OpenSSL: /usr/lib/x86_64-linux-gnu/libcrypto.so (found version "3.0.13")  
[4.176s] -- Found FastRTPS: /opt/ros/jazzy/include (Required is at least version "2.13") 
[4.291s] -- Using RMW implementation 'rmw_fastrtps_cpp' as default
[4.505s] [0mCMake Deprecation Warning at /opt/ros/jazzy/share/tl_expected/cmake/tl_expectedConfig.cmake:37 (message):
[4.505s]   Package 'tl_expected' is deprecated (This package will be removed in ROS 2
[4.505s]   Lyrical Luth.
[4.505s] 
[4.505s]         Use tl/expected.hpp from libexpected-dev,
[4.505s]         or rcpputils/tl_expected/expected.hpp if the system header is not available)
[4.505s] Call Stack (most recent call first):
[4.505s]   /opt/ros/jazzy/share/parameter_traits/cmake/ament_cmake_export_dependencies-extras.cmake:21 (find_package)
[4.505s]   /opt/ros/jazzy/share/parameter_traits/cmake/parameter_traitsConfig.cmake:41 (include)
[4.505s]   /opt/ros/jazzy/share/generate_parameter_library/cmake/generate_parameter_library-extras.cmake:30 (find_package)
[4.505s]   /opt/ros/jazzy/share/generate_parameter_library/cmake/generate_parameter_libraryConfig.cmake:41 (include)
[4.505s]   /opt/ros/jazzy/share/moveit_core/cmake/ament_cmake_export_dependencies-extras.cmake:21 (find_package)
[4.505s]   /opt/ros/jazzy/share/moveit_core/cmake/moveit_coreConfig.cmake:41 (include)
[4.505s]   /opt/ros/jazzy/share/moveit_ros_planning_interface/cmake/ament_cmake_export_dependencies-extras.cmake:21 (find_package)
[4.505s]   /opt/ros/jazzy/share/moveit_ros_planning_interface/cmake/moveit_ros_planning_interfaceConfig.cmake:41 (include)
[4.505s]   CMakeLists.txt:15 (find_package)
[4.506s] 
[4.506s] [0m
[4.511s] -- Found rclcpp_lifecycle: 28.1.21 (/opt/ros/jazzy/share/rclcpp_lifecycle/cmake)
[4.743s] -- Found Eigen3: TRUE (found version "3.4.0") 
[4.743s] -- Ensuring Eigen3 include directory is part of orocos-kdl CMake target
[4.964s] -- Found Boost: /usr/lib/x86_64-linux-gnu/cmake/Boost-1.83.0/BoostConfig.cmake (found version "1.83.0") found components: system filesystem date_time program_options thread chrono 
[5.009s] -- Found Boost: /usr/lib/x86_64-linux-gnu/cmake/Boost-1.83.0/BoostConfig.cmake (found version "1.83.0") found components: thread system filesystem regex date_time program_options 
[5.041s] -- Found Boost: /usr/lib/x86_64-linux-gnu/cmake/Boost-1.83.0/BoostConfig.cmake (found version "1.83.0") found components: system filesystem date_time program_options thread 
[5.162s] -- Configuring done (5.1s)
[5.216s] -- Generating done (0.0s)
[5.229s] -- Build files have been written to: /home/jhw0178/ros2_2026_summer_study/open_manipulator_ws/build/open_manipulator_playground
[5.248s] Invoked command in '/home/jhw0178/ros2_2026_summer_study/open_manipulator_ws/build/open_manipulator_playground' returned '0': CMAKE_PREFIX_PATH=${CMAKE_PREFIX_PATH}:/home/jhw0178/ros2_2026_summer_study/ros_ws/install/tf2_basic:/home/jhw0178/ros2_2026_summer_study/ros_ws/install/my_first_package:/home/jhw0178/ros2_2026_summer_study/ros_ws/install/mini_homework1:/home/jhw0178/ros2_2026_summer_study/ros_ws/install/follow_turtle:/opt/ros/jazzy /usr/bin/cmake /home/jhw0178/ros2_2026_summer_study/open_manipulator_ws/src/open_manipulator/open_manipulator_playground -DCMAKE_BUILD_TYPE=Release -DAMENT_CMAKE_SYMLINK_INSTALL=1 -DCMAKE_INSTALL_PREFIX=/home/jhw0178/ros2_2026_summer_study/open_manipulator_ws/install/open_manipulator_playground
[5.250s] Invoking command in '/home/jhw0178/ros2_2026_summer_study/open_manipulator_ws/build/open_manipulator_playground': CMAKE_PREFIX_PATH=${CMAKE_PREFIX_PATH}:/home/jhw0178/ros2_2026_summer_study/ros_ws/install/tf2_basic:/home/jhw0178/ros2_2026_summer_study/ros_ws/install/my_first_package:/home/jhw0178/ros2_2026_summer_study/ros_ws/install/mini_homework1:/home/jhw0178/ros2_2026_summer_study/ros_ws/install/follow_turtle:/opt/ros/jazzy /usr/bin/cmake --build /home/jhw0178/ros2_2026_summer_study/open_manipulator_ws/build/open_manipulator_playground -- -j16 -l16
[5.299s] [ 50%] [32mBuilding CXX object CMakeFiles/omy_f3m_hello_moveit.dir/src/omy_f3m_hello_moveit.cpp.o[0m
[5.299s] [ 50%] [32mBuilding CXX object CMakeFiles/omy_3m_hello_moveit.dir/src/omy_3m_hello_moveit.cpp.o[0m
[5.299s] [ 50%] [32mBuilding CXX object CMakeFiles/open_manipulator_x_hello_moveit.dir/src/open_manipulator_x_hello_moveit.cpp.o[0m
[12.973s] [ 66%] [32m[1mLinking CXX executable omy_3m_hello_moveit[0m
[13.020s] [ 83%] [32m[1mLinking CXX executable open_manipulator_x_hello_moveit[0m
[13.032s] [100%] [32m[1mLinking CXX executable omy_f3m_hello_moveit[0m
[13.545s] [100%] Built target omy_3m_hello_moveit
[13.545s] [100%] Built target open_manipulator_x_hello_moveit
[13.545s] [100%] Built target omy_f3m_hello_moveit
[13.556s] Invoked command in '/home/jhw0178/ros2_2026_summer_study/open_manipulator_ws/build/open_manipulator_playground' returned '0': CMAKE_PREFIX_PATH=${CMAKE_PREFIX_PATH}:/home/jhw0178/ros2_2026_summer_study/ros_ws/install/tf2_basic:/home/jhw0178/ros2_2026_summer_study/ros_ws/install/my_first_package:/home/jhw0178/ros2_2026_summer_study/ros_ws/install/mini_homework1:/home/jhw0178/ros2_2026_summer_study/ros_ws/install/follow_turtle:/opt/ros/jazzy /usr/bin/cmake --build /home/jhw0178/ros2_2026_summer_study/open_manipulator_ws/build/open_manipulator_playground -- -j16 -l16
[13.567s] Invoking command in '/home/jhw0178/ros2_2026_summer_study/open_manipulator_ws/build/open_manipulator_playground': CMAKE_PREFIX_PATH=${CMAKE_PREFIX_PATH}:/home/jhw0178/ros2_2026_summer_study/ros_ws/install/tf2_basic:/home/jhw0178/ros2_2026_summer_study/ros_ws/install/my_first_package:/home/jhw0178/ros2_2026_summer_study/ros_ws/install/mini_homework1:/home/jhw0178/ros2_2026_summer_study/ros_ws/install/follow_turtle:/opt/ros/jazzy /usr/bin/cmake --install /home/jhw0178/ros2_2026_summer_study/open_manipulator_ws/build/open_manipulator_playground
[13.574s] -- Install configuration: "Release"
[13.574s] -- Execute custom install script
[13.575s] -- Symlinking: /home/jhw0178/ros2_2026_summer_study/open_manipulator_ws/install/open_manipulator_playground/include/open_manipulator_playground/omy_3m_hello_moveit.h
[13.583s] -- Symlinking: /home/jhw0178/ros2_2026_summer_study/open_manipulator_ws/install/open_manipulator_playground/include/open_manipulator_playground/omy_f3m_hello_moveit.h
[13.591s] -- Symlinking: /home/jhw0178/ros2_2026_summer_study/open_manipulator_ws/install/open_manipulator_playground/include/open_manipulator_playground/open_manipulator_x_hello_moveit.h
[13.599s] -- Symlinking: /home/jhw0178/ros2_2026_summer_study/open_manipulator_ws/install/open_manipulator_playground/lib/open_manipulator_playground/shape_detector_node.py
[13.607s] -- Symlinking: /home/jhw0178/ros2_2026_summer_study/open_manipulator_ws/install/open_manipulator_playground/lib/open_manipulator_playground/omx_trajectory_controller_node.py
[13.615s] -- Symlinking: /home/jhw0178/ros2_2026_summer_study/open_manipulator_ws/install/open_manipulator_playground/share/open_manipulator_playground/launch/omx_drawing.launch.py
[13.623s] -- Symlinking: /home/jhw0178/ros2_2026_summer_study/open_manipulator_ws/install/open_manipulator_playground/share/open_manipulator_playground/images/square.png
[13.631s] -- Symlinking: /home/jhw0178/ros2_2026_summer_study/open_manipulator_ws/install/open_manipulator_playground/share/ament_index/resource_index/package_run_dependencies/open_manipulator_playground
[13.639s] -- Symlinking: /home/jhw0178/ros2_2026_summer_study/open_manipulator_ws/install/open_manipulator_playground/share/ament_index/resource_index/parent_prefix_path/open_manipulator_playground
[13.646s] -- Symlinking: /home/jhw0178/ros2_2026_summer_study/open_manipulator_ws/install/open_manipulator_playground/share/open_manipulator_playground/environment/ament_prefix_path.sh
[13.653s] -- Symlinking: /home/jhw0178/ros2_2026_summer_study/open_manipulator_ws/install/open_manipulator_playground/share/open_manipulator_playground/environment/ament_prefix_path.dsv
[13.662s] -- Symlinking: /home/jhw0178/ros2_2026_summer_study/open_manipulator_ws/install/open_manipulator_playground/share/open_manipulator_playground/environment/path.sh
[13.670s] -- Symlinking: /home/jhw0178/ros2_2026_summer_study/open_manipulator_ws/install/open_manipulator_playground/share/open_manipulator_playground/environment/path.dsv
[13.679s] -- Symlinking: /home/jhw0178/ros2_2026_summer_study/open_manipulator_ws/install/open_manipulator_playground/share/open_manipulator_playground/local_setup.bash
[13.686s] -- Symlinking: /home/jhw0178/ros2_2026_summer_study/open_manipulator_ws/install/open_manipulator_playground/share/open_manipulator_playground/local_setup.sh
[13.694s] -- Symlinking: /home/jhw0178/ros2_2026_summer_study/open_manipulator_ws/install/open_manipulator_playground/share/open_manipulator_playground/local_setup.zsh
[13.701s] -- Symlinking: /home/jhw0178/ros2_2026_summer_study/open_manipulator_ws/install/open_manipulator_playground/share/open_manipulator_playground/local_setup.dsv
[13.709s] -- Symlinking: /home/jhw0178/ros2_2026_summer_study/open_manipulator_ws/install/open_manipulator_playground/share/open_manipulator_playground/package.dsv
[13.717s] -- Symlinking: /home/jhw0178/ros2_2026_summer_study/open_manipulator_ws/install/open_manipulator_playground/share/ament_index/resource_index/packages/open_manipulator_playground
[13.724s] -- Symlinking: /home/jhw0178/ros2_2026_summer_study/open_manipulator_ws/install/open_manipulator_playground/share/open_manipulator_playground/cmake/ament_cmake_export_include_directories-extras.cmake
[13.732s] -- Symlinking: /home/jhw0178/ros2_2026_summer_study/open_manipulator_ws/install/open_manipulator_playground/share/open_manipulator_playground/cmake/ament_cmake_export_targets-extras.cmake
[13.739s] -- Symlinking: /home/jhw0178/ros2_2026_summer_study/open_manipulator_ws/install/open_manipulator_playground/share/open_manipulator_playground/cmake/open_manipulator_playgroundConfig.cmake
[13.746s] -- Symlinking: /home/jhw0178/ros2_2026_summer_study/open_manipulator_ws/install/open_manipulator_playground/share/open_manipulator_playground/cmake/open_manipulator_playgroundConfig-version.cmake
[13.754s] -- Symlinking: /home/jhw0178/ros2_2026_summer_study/open_manipulator_ws/install/open_manipulator_playground/share/open_manipulator_playground/package.xml
[13.761s] -- Installing: /home/jhw0178/ros2_2026_summer_study/open_manipulator_ws/install/open_manipulator_playground/lib/open_manipulator_playground/open_manipulator_x_hello_moveit
[13.761s] -- Set non-toolchain portion of runtime path of "/home/jhw0178/ros2_2026_summer_study/open_manipulator_ws/install/open_manipulator_playground/lib/open_manipulator_playground/open_manipulator_x_hello_moveit" to ""
[13.761s] -- Installing: /home/jhw0178/ros2_2026_summer_study/open_manipulator_ws/install/open_manipulator_playground/lib/open_manipulator_playground/omy_f3m_hello_moveit
[13.761s] -- Set non-toolchain portion of runtime path of "/home/jhw0178/ros2_2026_summer_study/open_manipulator_ws/install/open_manipulator_playground/lib/open_manipulator_playground/omy_f3m_hello_moveit" to ""
[13.762s] -- Installing: /home/jhw0178/ros2_2026_summer_study/open_manipulator_ws/install/open_manipulator_playground/lib/open_manipulator_playground/omy_3m_hello_moveit
[13.762s] -- Set non-toolchain portion of runtime path of "/home/jhw0178/ros2_2026_summer_study/open_manipulator_ws/install/open_manipulator_playground/lib/open_manipulator_playground/omy_3m_hello_moveit" to ""
[13.762s] -- Installing: /home/jhw0178/ros2_2026_summer_study/open_manipulator_ws/install/open_manipulator_playground/share/open_manipulator_playground/cmake/export_open_manipulator_playgroundExport.cmake
[13.762s] -- Installing: /home/jhw0178/ros2_2026_summer_study/open_manipulator_ws/install/open_manipulator_playground/share/open_manipulator_playground/cmake/export_open_manipulator_playgroundExport-release.cmake
[13.764s] Invoked command in '/home/jhw0178/ros2_2026_summer_study/open_manipulator_ws/build/open_manipulator_playground' returned '0': CMAKE_PREFIX_PATH=${CMAKE_PREFIX_PATH}:/home/jhw0178/ros2_2026_summer_study/ros_ws/install/tf2_basic:/home/jhw0178/ros2_2026_summer_study/ros_ws/install/my_first_package:/home/jhw0178/ros2_2026_summer_study/ros_ws/install/mini_homework1:/home/jhw0178/ros2_2026_summer_study/ros_ws/install/follow_turtle:/opt/ros/jazzy /usr/bin/cmake --install /home/jhw0178/ros2_2026_summer_study/open_manipulator_ws/build/open_manipulator_playground
