[1.565s] Invoking command in '/home/jhw0178/ros2_2026_summer_study/ros_ws/src/follow_turtle': PYTHONPATH=/home/jhw0178/ros2_2026_summer_study/ros_ws/build/follow_turtle/prefix_override:/usr/lib/python3/dist-packages/colcon_core/task/python/colcon_distutils_commands:/home/jhw0178/ros2_2026_summer_study/ros_ws/install/follow_turtle/lib/python3.12/site-packages:${PYTHONPATH} /usr/bin/python3 -W ignore:setup.py install is deprecated -W ignore:easy_install command is deprecated setup.py egg_info --egg-base ../../build/follow_turtle build --build-base /home/jhw0178/ros2_2026_summer_study/ros_ws/build/follow_turtle/build install --record /home/jhw0178/ros2_2026_summer_study/ros_ws/build/follow_turtle/install.log --install-scripts $base/lib/follow_turtle --single-version-externally-managed install_data
[1.859s] running egg_info
[1.859s] creating ../../build/follow_turtle/follow_turtle.egg-info
[1.877s] writing ../../build/follow_turtle/follow_turtle.egg-info/PKG-INFO
[1.878s] writing dependency_links to ../../build/follow_turtle/follow_turtle.egg-info/dependency_links.txt
[1.878s] writing entry points to ../../build/follow_turtle/follow_turtle.egg-info/entry_points.txt
[1.878s] writing requirements to ../../build/follow_turtle/follow_turtle.egg-info/requires.txt
[1.878s] writing top-level names to ../../build/follow_turtle/follow_turtle.egg-info/top_level.txt
[1.879s] writing manifest file '../../build/follow_turtle/follow_turtle.egg-info/SOURCES.txt'
[1.917s] reading manifest file '../../build/follow_turtle/follow_turtle.egg-info/SOURCES.txt'
[1.918s] writing manifest file '../../build/follow_turtle/follow_turtle.egg-info/SOURCES.txt'
[1.918s] running build
[1.918s] running build_py
[1.919s] creating /home/jhw0178/ros2_2026_summer_study/ros_ws/build/follow_turtle/build
[1.919s] creating /home/jhw0178/ros2_2026_summer_study/ros_ws/build/follow_turtle/build/lib
[1.919s] creating /home/jhw0178/ros2_2026_summer_study/ros_ws/build/follow_turtle/build/lib/follow_turtle
[1.920s] copying follow_turtle/tf_listener.py -> /home/jhw0178/ros2_2026_summer_study/ros_ws/build/follow_turtle/build/lib/follow_turtle
[1.920s] copying follow_turtle/dynamic_turtle_tf2_broadcaster.py -> /home/jhw0178/ros2_2026_summer_study/ros_ws/build/follow_turtle/build/lib/follow_turtle
[1.920s] copying follow_turtle/__init__.py -> /home/jhw0178/ros2_2026_summer_study/ros_ws/build/follow_turtle/build/lib/follow_turtle
[1.921s] running install
[1.940s] running install_lib
[1.951s] creating /home/jhw0178/ros2_2026_summer_study/ros_ws/install/follow_turtle/lib/python3.12/site-packages/follow_turtle
[1.952s] copying /home/jhw0178/ros2_2026_summer_study/ros_ws/build/follow_turtle/build/lib/follow_turtle/tf_listener.py -> /home/jhw0178/ros2_2026_summer_study/ros_ws/install/follow_turtle/lib/python3.12/site-packages/follow_turtle
[1.953s] copying /home/jhw0178/ros2_2026_summer_study/ros_ws/build/follow_turtle/build/lib/follow_turtle/dynamic_turtle_tf2_broadcaster.py -> /home/jhw0178/ros2_2026_summer_study/ros_ws/install/follow_turtle/lib/python3.12/site-packages/follow_turtle
[1.954s] copying /home/jhw0178/ros2_2026_summer_study/ros_ws/build/follow_turtle/build/lib/follow_turtle/__init__.py -> /home/jhw0178/ros2_2026_summer_study/ros_ws/install/follow_turtle/lib/python3.12/site-packages/follow_turtle
[1.954s] byte-compiling /home/jhw0178/ros2_2026_summer_study/ros_ws/install/follow_turtle/lib/python3.12/site-packages/follow_turtle/tf_listener.py to tf_listener.cpython-312.pyc
[1.955s] byte-compiling /home/jhw0178/ros2_2026_summer_study/ros_ws/install/follow_turtle/lib/python3.12/site-packages/follow_turtle/dynamic_turtle_tf2_broadcaster.py to dynamic_turtle_tf2_broadcaster.cpython-312.pyc
[1.957s] byte-compiling /home/jhw0178/ros2_2026_summer_study/ros_ws/install/follow_turtle/lib/python3.12/site-packages/follow_turtle/__init__.py to __init__.cpython-312.pyc
[1.957s] running install_data
[1.957s] creating /home/jhw0178/ros2_2026_summer_study/ros_ws/install/follow_turtle/share/ament_index
[1.957s] creating /home/jhw0178/ros2_2026_summer_study/ros_ws/install/follow_turtle/share/ament_index/resource_index
[1.958s] creating /home/jhw0178/ros2_2026_summer_study/ros_ws/install/follow_turtle/share/ament_index/resource_index/packages
[1.958s] copying resource/follow_turtle -> /home/jhw0178/ros2_2026_summer_study/ros_ws/install/follow_turtle/share/ament_index/resource_index/packages
[1.959s] copying package.xml -> /home/jhw0178/ros2_2026_summer_study/ros_ws/install/follow_turtle/share/follow_turtle
[1.959s] running install_egg_info
[1.978s] Copying ../../build/follow_turtle/follow_turtle.egg-info to /home/jhw0178/ros2_2026_summer_study/ros_ws/install/follow_turtle/lib/python3.12/site-packages/follow_turtle-0.0.0-py3.12.egg-info
[1.978s] running install_scripts
[2.135s] Installing dynamic_turtle_tf2_broadcaster script to /home/jhw0178/ros2_2026_summer_study/ros_ws/install/follow_turtle/lib/follow_turtle
[2.135s] Installing tf_listener script to /home/jhw0178/ros2_2026_summer_study/ros_ws/install/follow_turtle/lib/follow_turtle
[2.135s] writing list of installed files to '/home/jhw0178/ros2_2026_summer_study/ros_ws/build/follow_turtle/install.log'
[2.178s] Invoked command in '/home/jhw0178/ros2_2026_summer_study/ros_ws/src/follow_turtle' returned '0': PYTHONPATH=/home/jhw0178/ros2_2026_summer_study/ros_ws/build/follow_turtle/prefix_override:/usr/lib/python3/dist-packages/colcon_core/task/python/colcon_distutils_commands:/home/jhw0178/ros2_2026_summer_study/ros_ws/install/follow_turtle/lib/python3.12/site-packages:${PYTHONPATH} /usr/bin/python3 -W ignore:setup.py install is deprecated -W ignore:easy_install command is deprecated setup.py egg_info --egg-base ../../build/follow_turtle build --build-base /home/jhw0178/ros2_2026_summer_study/ros_ws/build/follow_turtle/build install --record /home/jhw0178/ros2_2026_summer_study/ros_ws/build/follow_turtle/install.log --install-scripts $base/lib/follow_turtle --single-version-externally-managed install_data
