[1.664s] Invoking command in '/home/jhw0178/ros2_2026_summer_study/ros_ws/src/camera_opencv': PYTHONPATH=/home/jhw0178/ros2_2026_summer_study/ros_ws/build/camera_opencv/prefix_override:/usr/lib/python3/dist-packages/colcon_core/task/python/colcon_distutils_commands:/home/jhw0178/ros2_2026_summer_study/ros_ws/install/camera_opencv/lib/python3.12/site-packages:${PYTHONPATH} VIRTUAL_ENV_PROMPT=(.venv) /usr/bin/python3 -W ignore:setup.py install is deprecated -W ignore:easy_install command is deprecated setup.py egg_info --egg-base ../../build/camera_opencv build --build-base /home/jhw0178/ros2_2026_summer_study/ros_ws/build/camera_opencv/build install --record /home/jhw0178/ros2_2026_summer_study/ros_ws/build/camera_opencv/install.log --install-scripts $base/lib/camera_opencv --single-version-externally-managed install_data
[1.947s] running egg_info
[1.976s] writing ../../build/camera_opencv/camera_opencv.egg-info/PKG-INFO
[1.977s] writing dependency_links to ../../build/camera_opencv/camera_opencv.egg-info/dependency_links.txt
[1.977s] writing entry points to ../../build/camera_opencv/camera_opencv.egg-info/entry_points.txt
[1.978s] writing requirements to ../../build/camera_opencv/camera_opencv.egg-info/requires.txt
[1.979s] writing top-level names to ../../build/camera_opencv/camera_opencv.egg-info/top_level.txt
[2.031s] reading manifest file '../../build/camera_opencv/camera_opencv.egg-info/SOURCES.txt'
[2.032s] writing manifest file '../../build/camera_opencv/camera_opencv.egg-info/SOURCES.txt'
[2.032s] running build
[2.032s] running build_py
[2.032s] running install
[2.039s] running install_lib
[2.057s] running install_data
[2.058s] running install_egg_info
[2.077s] removing '/home/jhw0178/ros2_2026_summer_study/ros_ws/install/camera_opencv/lib/python3.12/site-packages/camera_opencv-0.0.0-py3.12.egg-info' (and everything under it)
[2.077s] Copying ../../build/camera_opencv/camera_opencv.egg-info to /home/jhw0178/ros2_2026_summer_study/ros_ws/install/camera_opencv/lib/python3.12/site-packages/camera_opencv-0.0.0-py3.12.egg-info
[2.079s] running install_scripts
[2.215s] Installing camera_pub script to /home/jhw0178/ros2_2026_summer_study/ros_ws/install/camera_opencv/lib/camera_opencv
[2.216s] Installing circle_follow script to /home/jhw0178/ros2_2026_summer_study/ros_ws/install/camera_opencv/lib/camera_opencv
[2.216s] Installing color script to /home/jhw0178/ros2_2026_summer_study/ros_ws/install/camera_opencv/lib/camera_opencv
[2.216s] Installing event_draw script to /home/jhw0178/ros2_2026_summer_study/ros_ws/install/camera_opencv/lib/camera_opencv
[2.217s] Installing find_redball script to /home/jhw0178/ros2_2026_summer_study/ros_ws/install/camera_opencv/lib/camera_opencv
[2.218s] Installing img_compressed_pub script to /home/jhw0178/ros2_2026_summer_study/ros_ws/install/camera_opencv/lib/camera_opencv
[2.220s] Installing img_compressed_sub script to /home/jhw0178/ros2_2026_summer_study/ros_ws/install/camera_opencv/lib/camera_opencv
[2.220s] Installing img_pub script to /home/jhw0178/ros2_2026_summer_study/ros_ws/install/camera_opencv/lib/camera_opencv
[2.222s] Installing img_show script to /home/jhw0178/ros2_2026_summer_study/ros_ws/install/camera_opencv/lib/camera_opencv
[2.223s] Installing img_sub script to /home/jhw0178/ros2_2026_summer_study/ros_ws/install/camera_opencv/lib/camera_opencv
[2.224s] writing list of installed files to '/home/jhw0178/ros2_2026_summer_study/ros_ws/build/camera_opencv/install.log'
[2.261s] Invoked command in '/home/jhw0178/ros2_2026_summer_study/ros_ws/src/camera_opencv' returned '0': PYTHONPATH=/home/jhw0178/ros2_2026_summer_study/ros_ws/build/camera_opencv/prefix_override:/usr/lib/python3/dist-packages/colcon_core/task/python/colcon_distutils_commands:/home/jhw0178/ros2_2026_summer_study/ros_ws/install/camera_opencv/lib/python3.12/site-packages:${PYTHONPATH} VIRTUAL_ENV_PROMPT=(.venv) /usr/bin/python3 -W ignore:setup.py install is deprecated -W ignore:easy_install command is deprecated setup.py egg_info --egg-base ../../build/camera_opencv build --build-base /home/jhw0178/ros2_2026_summer_study/ros_ws/build/camera_opencv/build install --record /home/jhw0178/ros2_2026_summer_study/ros_ws/build/camera_opencv/install.log --install-scripts $base/lib/camera_opencv --single-version-externally-managed install_data
