[3.904s] Invoking command in '/home/jhw0178/ros2_2026_summer_study/ros_ws/src/mini_homework1': PYTHONPATH=/home/jhw0178/ros2_2026_summer_study/ros_ws/build/mini_homework1/prefix_override:/usr/lib/python3/dist-packages/colcon_core/task/python/colcon_distutils_commands:/home/jhw0178/ros2_2026_summer_study/ros_ws/install/mini_homework1/lib/python3.12/site-packages:${PYTHONPATH} VIRTUAL_ENV_PROMPT=(.venv) /usr/bin/python3 -W ignore:setup.py install is deprecated -W ignore:easy_install command is deprecated setup.py egg_info --egg-base ../../build/mini_homework1 build --build-base /home/jhw0178/ros2_2026_summer_study/ros_ws/build/mini_homework1/build install --record /home/jhw0178/ros2_2026_summer_study/ros_ws/build/mini_homework1/install.log --install-scripts $base/lib/mini_homework1 --single-version-externally-managed install_data
[4.551s] running egg_info
[4.551s] creating ../../build/mini_homework1/mini_homework1.egg-info
[4.586s] writing ../../build/mini_homework1/mini_homework1.egg-info/PKG-INFO
[4.587s] writing dependency_links to ../../build/mini_homework1/mini_homework1.egg-info/dependency_links.txt
[4.587s] writing entry points to ../../build/mini_homework1/mini_homework1.egg-info/entry_points.txt
[4.587s] writing requirements to ../../build/mini_homework1/mini_homework1.egg-info/requires.txt
[4.588s] writing top-level names to ../../build/mini_homework1/mini_homework1.egg-info/top_level.txt
[4.588s] writing manifest file '../../build/mini_homework1/mini_homework1.egg-info/SOURCES.txt'
[4.675s] reading manifest file '../../build/mini_homework1/mini_homework1.egg-info/SOURCES.txt'
[4.677s] writing manifest file '../../build/mini_homework1/mini_homework1.egg-info/SOURCES.txt'
[4.677s] running build
[4.678s] running build_py
[4.678s] creating /home/jhw0178/ros2_2026_summer_study/ros_ws/build/mini_homework1/build
[4.678s] creating /home/jhw0178/ros2_2026_summer_study/ros_ws/build/mini_homework1/build/lib
[4.678s] creating /home/jhw0178/ros2_2026_summer_study/ros_ws/build/mini_homework1/build/lib/mini_homework1
[4.679s] copying mini_homework1/subscriber2.py -> /home/jhw0178/ros2_2026_summer_study/ros_ws/build/mini_homework1/build/lib/mini_homework1
[4.679s] copying mini_homework1/time_and_topic1_subscriber.py -> /home/jhw0178/ros2_2026_summer_study/ros_ws/build/mini_homework1/build/lib/mini_homework1
[4.680s] copying mini_homework1/__init__.py -> /home/jhw0178/ros2_2026_summer_study/ros_ws/build/mini_homework1/build/lib/mini_homework1
[4.680s] copying mini_homework1/publisher.py -> /home/jhw0178/ros2_2026_summer_study/ros_ws/build/mini_homework1/build/lib/mini_homework1
[4.682s] copying mini_homework1/subscriber1.py -> /home/jhw0178/ros2_2026_summer_study/ros_ws/build/mini_homework1/build/lib/mini_homework1
[4.682s] copying mini_homework1/time_publisher.py -> /home/jhw0178/ros2_2026_summer_study/ros_ws/build/mini_homework1/build/lib/mini_homework1
[4.682s] running install
[4.696s] running install_lib
[4.752s] creating /home/jhw0178/ros2_2026_summer_study/ros_ws/install/mini_homework1/lib/python3.12/site-packages/mini_homework1
[4.753s] copying /home/jhw0178/ros2_2026_summer_study/ros_ws/build/mini_homework1/build/lib/mini_homework1/subscriber2.py -> /home/jhw0178/ros2_2026_summer_study/ros_ws/install/mini_homework1/lib/python3.12/site-packages/mini_homework1
[4.753s] copying /home/jhw0178/ros2_2026_summer_study/ros_ws/build/mini_homework1/build/lib/mini_homework1/time_and_topic1_subscriber.py -> /home/jhw0178/ros2_2026_summer_study/ros_ws/install/mini_homework1/lib/python3.12/site-packages/mini_homework1
[4.754s] copying /home/jhw0178/ros2_2026_summer_study/ros_ws/build/mini_homework1/build/lib/mini_homework1/__init__.py -> /home/jhw0178/ros2_2026_summer_study/ros_ws/install/mini_homework1/lib/python3.12/site-packages/mini_homework1
[4.754s] copying /home/jhw0178/ros2_2026_summer_study/ros_ws/build/mini_homework1/build/lib/mini_homework1/publisher.py -> /home/jhw0178/ros2_2026_summer_study/ros_ws/install/mini_homework1/lib/python3.12/site-packages/mini_homework1
[4.755s] copying /home/jhw0178/ros2_2026_summer_study/ros_ws/build/mini_homework1/build/lib/mini_homework1/subscriber1.py -> /home/jhw0178/ros2_2026_summer_study/ros_ws/install/mini_homework1/lib/python3.12/site-packages/mini_homework1
[4.756s] copying /home/jhw0178/ros2_2026_summer_study/ros_ws/build/mini_homework1/build/lib/mini_homework1/time_publisher.py -> /home/jhw0178/ros2_2026_summer_study/ros_ws/install/mini_homework1/lib/python3.12/site-packages/mini_homework1
[4.756s] byte-compiling /home/jhw0178/ros2_2026_summer_study/ros_ws/install/mini_homework1/lib/python3.12/site-packages/mini_homework1/subscriber2.py to subscriber2.cpython-312.pyc
[4.756s] byte-compiling /home/jhw0178/ros2_2026_summer_study/ros_ws/install/mini_homework1/lib/python3.12/site-packages/mini_homework1/time_and_topic1_subscriber.py to time_and_topic1_subscriber.cpython-312.pyc
[4.756s] byte-compiling /home/jhw0178/ros2_2026_summer_study/ros_ws/install/mini_homework1/lib/python3.12/site-packages/mini_homework1/__init__.py to __init__.cpython-312.pyc
[4.756s] byte-compiling /home/jhw0178/ros2_2026_summer_study/ros_ws/install/mini_homework1/lib/python3.12/site-packages/mini_homework1/publisher.py to publisher.cpython-312.pyc
[4.756s] byte-compiling /home/jhw0178/ros2_2026_summer_study/ros_ws/install/mini_homework1/lib/python3.12/site-packages/mini_homework1/subscriber1.py to subscriber1.cpython-312.pyc
[4.757s] byte-compiling /home/jhw0178/ros2_2026_summer_study/ros_ws/install/mini_homework1/lib/python3.12/site-packages/mini_homework1/time_publisher.py to time_publisher.cpython-312.pyc
[4.758s] running install_data
[4.759s] creating /home/jhw0178/ros2_2026_summer_study/ros_ws/install/mini_homework1/share/ament_index
[4.759s] creating /home/jhw0178/ros2_2026_summer_study/ros_ws/install/mini_homework1/share/ament_index/resource_index
[4.759s] creating /home/jhw0178/ros2_2026_summer_study/ros_ws/install/mini_homework1/share/ament_index/resource_index/packages
[4.760s] copying resource/mini_homework1 -> /home/jhw0178/ros2_2026_summer_study/ros_ws/install/mini_homework1/share/ament_index/resource_index/packages
[4.760s] copying package.xml -> /home/jhw0178/ros2_2026_summer_study/ros_ws/install/mini_homework1/share/mini_homework1
[4.760s] creating /home/jhw0178/ros2_2026_summer_study/ros_ws/install/mini_homework1/share/mini_homework1/launch
[4.760s] copying launch/test.launch.py -> /home/jhw0178/ros2_2026_summer_study/ros_ws/install/mini_homework1/share/mini_homework1/launch
[4.760s] running install_egg_info
[4.838s] Copying ../../build/mini_homework1/mini_homework1.egg-info to /home/jhw0178/ros2_2026_summer_study/ros_ws/install/mini_homework1/lib/python3.12/site-packages/mini_homework1-0.0.0-py3.12.egg-info
[4.842s] running install_scripts
[5.254s] Installing publisher script to /home/jhw0178/ros2_2026_summer_study/ros_ws/install/mini_homework1/lib/mini_homework1
[5.254s] Installing subscriber1 script to /home/jhw0178/ros2_2026_summer_study/ros_ws/install/mini_homework1/lib/mini_homework1
[5.255s] Installing subscriber2 script to /home/jhw0178/ros2_2026_summer_study/ros_ws/install/mini_homework1/lib/mini_homework1
[5.255s] Installing time_and_topic1_subscriber script to /home/jhw0178/ros2_2026_summer_study/ros_ws/install/mini_homework1/lib/mini_homework1
[5.256s] Installing time_publisher script to /home/jhw0178/ros2_2026_summer_study/ros_ws/install/mini_homework1/lib/mini_homework1
[5.256s] writing list of installed files to '/home/jhw0178/ros2_2026_summer_study/ros_ws/build/mini_homework1/install.log'
[5.363s] Invoked command in '/home/jhw0178/ros2_2026_summer_study/ros_ws/src/mini_homework1' returned '0': PYTHONPATH=/home/jhw0178/ros2_2026_summer_study/ros_ws/build/mini_homework1/prefix_override:/usr/lib/python3/dist-packages/colcon_core/task/python/colcon_distutils_commands:/home/jhw0178/ros2_2026_summer_study/ros_ws/install/mini_homework1/lib/python3.12/site-packages:${PYTHONPATH} VIRTUAL_ENV_PROMPT=(.venv) /usr/bin/python3 -W ignore:setup.py install is deprecated -W ignore:easy_install command is deprecated setup.py egg_info --egg-base ../../build/mini_homework1 build --build-base /home/jhw0178/ros2_2026_summer_study/ros_ws/build/mini_homework1/build install --record /home/jhw0178/ros2_2026_summer_study/ros_ws/build/mini_homework1/install.log --install-scripts $base/lib/mini_homework1 --single-version-externally-managed install_data
