[2.222s] Invoking command in '/home/jhw0178/ros2_2026_summer_study/ros_ws/src/tf2_basic': PYTHONPATH=/home/jhw0178/ros2_2026_summer_study/ros_ws/build/tf2_basic/prefix_override:/usr/lib/python3/dist-packages/colcon_core/task/python/colcon_distutils_commands:/home/jhw0178/ros2_2026_summer_study/ros_ws/install/tf2_basic/lib/python3.12/site-packages:${PYTHONPATH} /usr/bin/python3 -W ignore:setup.py install is deprecated -W ignore:easy_install command is deprecated setup.py egg_info --egg-base ../../build/tf2_basic build --build-base /home/jhw0178/ros2_2026_summer_study/ros_ws/build/tf2_basic/build install --record /home/jhw0178/ros2_2026_summer_study/ros_ws/build/tf2_basic/install.log --install-scripts $base/lib/tf2_basic --single-version-externally-managed install_data
[2.719s] running egg_info
[2.753s] writing ../../build/tf2_basic/tf2_basic.egg-info/PKG-INFO
[2.754s] writing dependency_links to ../../build/tf2_basic/tf2_basic.egg-info/dependency_links.txt
[2.756s] writing entry points to ../../build/tf2_basic/tf2_basic.egg-info/entry_points.txt
[2.756s] writing requirements to ../../build/tf2_basic/tf2_basic.egg-info/requires.txt
[2.757s] writing top-level names to ../../build/tf2_basic/tf2_basic.egg-info/top_level.txt
[2.859s] reading manifest file '../../build/tf2_basic/tf2_basic.egg-info/SOURCES.txt'
[2.862s] writing manifest file '../../build/tf2_basic/tf2_basic.egg-info/SOURCES.txt'
[2.862s] running build
[2.863s] running build_py
[2.865s] copying tf2_basic/moveit_mini_project.py -> /home/jhw0178/ros2_2026_summer_study/ros_ws/build/tf2_basic/build/lib/tf2_basic
[2.866s] running install
[2.877s] running install_lib
[2.931s] copying /home/jhw0178/ros2_2026_summer_study/ros_ws/build/tf2_basic/build/lib/tf2_basic/moveit_mini_project.py -> /home/jhw0178/ros2_2026_summer_study/ros_ws/install/tf2_basic/lib/python3.12/site-packages/tf2_basic
[2.933s] byte-compiling /home/jhw0178/ros2_2026_summer_study/ros_ws/install/tf2_basic/lib/python3.12/site-packages/tf2_basic/move_manipulator2.py to move_manipulator2.cpython-312.pyc
[2.935s] Sorry: IndentationError: unindent does not match any outer indentation level (move_manipulator2.py, line 63)
[2.936s] byte-compiling /home/jhw0178/ros2_2026_summer_study/ros_ws/install/tf2_basic/lib/python3.12/site-packages/tf2_basic/moveit_mini_project.py to moveit_mini_project.cpython-312.pyc
[2.940s] running install_data
[2.941s] running install_egg_info
[2.982s] removing '/home/jhw0178/ros2_2026_summer_study/ros_ws/install/tf2_basic/lib/python3.12/site-packages/tf2_basic-0.0.0-py3.12.egg-info' (and everything under it)
[2.983s] Copying ../../build/tf2_basic/tf2_basic.egg-info to /home/jhw0178/ros2_2026_summer_study/ros_ws/install/tf2_basic/lib/python3.12/site-packages/tf2_basic-0.0.0-py3.12.egg-info
[2.986s] running install_scripts
[3.256s] Installing dance_manipulator script to /home/jhw0178/ros2_2026_summer_study/ros_ws/install/tf2_basic/lib/tf2_basic
[3.257s] Installing dance_player script to /home/jhw0178/ros2_2026_summer_study/ros_ws/install/tf2_basic/lib/tf2_basic
[3.258s] Installing dance_player_action script to /home/jhw0178/ros2_2026_summer_study/ros_ws/install/tf2_basic/lib/tf2_basic
[3.259s] Installing dynamic_turtle_tf2_broadcaster script to /home/jhw0178/ros2_2026_summer_study/ros_ws/install/tf2_basic/lib/tf2_basic
[3.260s] Installing move_manipulator script to /home/jhw0178/ros2_2026_summer_study/ros_ws/install/tf2_basic/lib/tf2_basic
[3.260s] Installing move_manipulator_action script to /home/jhw0178/ros2_2026_summer_study/ros_ws/install/tf2_basic/lib/tf2_basic
[3.260s] Installing moveit_attached script to /home/jhw0178/ros2_2026_summer_study/ros_ws/install/tf2_basic/lib/tf2_basic
[3.261s] Installing moveit_class script to /home/jhw0178/ros2_2026_summer_study/ros_ws/install/tf2_basic/lib/tf2_basic
[3.261s] Installing moveit_class2 script to /home/jhw0178/ros2_2026_summer_study/ros_ws/install/tf2_basic/lib/tf2_basic
[3.263s] Installing moveit_mini_project script to /home/jhw0178/ros2_2026_summer_study/ros_ws/install/tf2_basic/lib/tf2_basic
[3.266s] Installing moveit_scene_monitor script to /home/jhw0178/ros2_2026_summer_study/ros_ws/install/tf2_basic/lib/tf2_basic
[3.269s] Installing moveit_test script to /home/jhw0178/ros2_2026_summer_study/ros_ws/install/tf2_basic/lib/tf2_basic
[3.270s] Installing play_recorded_dance script to /home/jhw0178/ros2_2026_summer_study/ros_ws/install/tf2_basic/lib/tf2_basic
[3.272s] Installing static_turtle_tf2_broadcaster script to /home/jhw0178/ros2_2026_summer_study/ros_ws/install/tf2_basic/lib/tf2_basic
[3.272s] Installing teach_manipulator script to /home/jhw0178/ros2_2026_summer_study/ros_ws/install/tf2_basic/lib/tf2_basic
[3.273s] Installing teach_manipulator2 script to /home/jhw0178/ros2_2026_summer_study/ros_ws/install/tf2_basic/lib/tf2_basic
[3.274s] Installing teach_manipulator3 script to /home/jhw0178/ros2_2026_summer_study/ros_ws/install/tf2_basic/lib/tf2_basic
[3.274s] Installing tf_listener script to /home/jhw0178/ros2_2026_summer_study/ros_ws/install/tf2_basic/lib/tf2_basic
[3.276s] Installing tf_motion script to /home/jhw0178/ros2_2026_summer_study/ros_ws/install/tf2_basic/lib/tf2_basic
[3.278s] writing list of installed files to '/home/jhw0178/ros2_2026_summer_study/ros_ws/build/tf2_basic/install.log'
[3.331s] Invoked command in '/home/jhw0178/ros2_2026_summer_study/ros_ws/src/tf2_basic' returned '0': PYTHONPATH=/home/jhw0178/ros2_2026_summer_study/ros_ws/build/tf2_basic/prefix_override:/usr/lib/python3/dist-packages/colcon_core/task/python/colcon_distutils_commands:/home/jhw0178/ros2_2026_summer_study/ros_ws/install/tf2_basic/lib/python3.12/site-packages:${PYTHONPATH} /usr/bin/python3 -W ignore:setup.py install is deprecated -W ignore:easy_install command is deprecated setup.py egg_info --egg-base ../../build/tf2_basic build --build-base /home/jhw0178/ros2_2026_summer_study/ros_ws/build/tf2_basic/build install --record /home/jhw0178/ros2_2026_summer_study/ros_ws/build/tf2_basic/install.log --install-scripts $base/lib/tf2_basic --single-version-externally-managed install_data
