[1.553s] Invoking command in '/home/jhw0178/ros2_2026_summer_study/ros_ws/src/mini_homework1': PYTHONPATH=/home/jhw0178/ros2_2026_summer_study/ros_ws/build/mini_homework1/prefix_override:/usr/lib/python3/dist-packages/colcon_core/task/python/colcon_distutils_commands:/home/jhw0178/ros2_2026_summer_study/ros_ws/install/mini_homework1/lib/python3.12/site-packages:${PYTHONPATH} /usr/bin/python3 -W ignore:setup.py install is deprecated -W ignore:easy_install command is deprecated setup.py egg_info --egg-base ../../build/mini_homework1 build --build-base /home/jhw0178/ros2_2026_summer_study/ros_ws/build/mini_homework1/build install --record /home/jhw0178/ros2_2026_summer_study/ros_ws/build/mini_homework1/install.log --install-scripts $base/lib/mini_homework1 --single-version-externally-managed install_data
[1.821s] running egg_info
[1.844s] writing ../../build/mini_homework1/mini_homework1.egg-info/PKG-INFO
[1.844s] writing dependency_links to ../../build/mini_homework1/mini_homework1.egg-info/dependency_links.txt
[1.844s] writing entry points to ../../build/mini_homework1/mini_homework1.egg-info/entry_points.txt
[1.844s] writing requirements to ../../build/mini_homework1/mini_homework1.egg-info/requires.txt
[1.844s] writing top-level names to ../../build/mini_homework1/mini_homework1.egg-info/top_level.txt
[1.892s] reading manifest file '../../build/mini_homework1/mini_homework1.egg-info/SOURCES.txt'
[1.893s] writing manifest file '../../build/mini_homework1/mini_homework1.egg-info/SOURCES.txt'
[1.894s] running build
[1.894s] running build_py
[1.894s] running install
[1.901s] running install_lib
[1.927s] running install_data
[1.927s] running install_egg_info
[1.950s] removing '/home/jhw0178/ros2_2026_summer_study/ros_ws/install/mini_homework1/lib/python3.12/site-packages/mini_homework1-0.0.0-py3.12.egg-info' (and everything under it)
[1.950s] Copying ../../build/mini_homework1/mini_homework1.egg-info to /home/jhw0178/ros2_2026_summer_study/ros_ws/install/mini_homework1/lib/python3.12/site-packages/mini_homework1-0.0.0-py3.12.egg-info
[1.951s] running install_scripts
[2.080s] Installing publisher script to /home/jhw0178/ros2_2026_summer_study/ros_ws/install/mini_homework1/lib/mini_homework1
[2.080s] Installing subscriber1 script to /home/jhw0178/ros2_2026_summer_study/ros_ws/install/mini_homework1/lib/mini_homework1
[2.080s] Installing subscriber2 script to /home/jhw0178/ros2_2026_summer_study/ros_ws/install/mini_homework1/lib/mini_homework1
[2.081s] Installing time_and_topic1_subscriber script to /home/jhw0178/ros2_2026_summer_study/ros_ws/install/mini_homework1/lib/mini_homework1
[2.081s] Installing time_publisher script to /home/jhw0178/ros2_2026_summer_study/ros_ws/install/mini_homework1/lib/mini_homework1
[2.081s] writing list of installed files to '/home/jhw0178/ros2_2026_summer_study/ros_ws/build/mini_homework1/install.log'
[2.130s] Invoked command in '/home/jhw0178/ros2_2026_summer_study/ros_ws/src/mini_homework1' returned '0': PYTHONPATH=/home/jhw0178/ros2_2026_summer_study/ros_ws/build/mini_homework1/prefix_override:/usr/lib/python3/dist-packages/colcon_core/task/python/colcon_distutils_commands:/home/jhw0178/ros2_2026_summer_study/ros_ws/install/mini_homework1/lib/python3.12/site-packages:${PYTHONPATH} /usr/bin/python3 -W ignore:setup.py install is deprecated -W ignore:easy_install command is deprecated setup.py egg_info --egg-base ../../build/mini_homework1 build --build-base /home/jhw0178/ros2_2026_summer_study/ros_ws/build/mini_homework1/build install --record /home/jhw0178/ros2_2026_summer_study/ros_ws/build/mini_homework1/install.log --install-scripts $base/lib/mini_homework1 --single-version-externally-managed install_data
