[1.945s] Invoking command in '/home/jhw0178/ros2_2026_summer_study/ros_ws/src/camera_opencv': PYTHONPATH=/home/jhw0178/ros2_2026_summer_study/ros_ws/build/camera_opencv/prefix_override:/usr/lib/python3/dist-packages/colcon_core/task/python/colcon_distutils_commands:/home/jhw0178/ros2_2026_summer_study/ros_ws/install/camera_opencv/lib/python3.12/site-packages:${PYTHONPATH} VIRTUAL_ENV_PROMPT=(.venv) /usr/bin/python3 -W ignore:setup.py install is deprecated -W ignore:easy_install command is deprecated setup.py egg_info --egg-base ../../build/camera_opencv build --build-base /home/jhw0178/ros2_2026_summer_study/ros_ws/build/camera_opencv/build install --record /home/jhw0178/ros2_2026_summer_study/ros_ws/build/camera_opencv/install.log --install-scripts $base/lib/camera_opencv --single-version-externally-managed install_data
[2.251s] running egg_info
[2.275s] writing ../../build/camera_opencv/camera_opencv.egg-info/PKG-INFO
[2.276s] writing dependency_links to ../../build/camera_opencv/camera_opencv.egg-info/dependency_links.txt
[2.276s] writing entry points to ../../build/camera_opencv/camera_opencv.egg-info/entry_points.txt
[2.277s] writing requirements to ../../build/camera_opencv/camera_opencv.egg-info/requires.txt
[2.278s] writing top-level names to ../../build/camera_opencv/camera_opencv.egg-info/top_level.txt
[2.325s] reading manifest file '../../build/camera_opencv/camera_opencv.egg-info/SOURCES.txt'
[2.326s] writing manifest file '../../build/camera_opencv/camera_opencv.egg-info/SOURCES.txt'
[2.327s] running build
[2.327s] running build_py
[2.327s] copying camera_opencv/find_redball.py -> /home/jhw0178/ros2_2026_summer_study/ros_ws/build/camera_opencv/build/lib/camera_opencv
[2.328s] running install
[2.335s] running install_lib
[2.357s] copying /home/jhw0178/ros2_2026_summer_study/ros_ws/build/camera_opencv/build/lib/camera_opencv/find_redball.py -> /home/jhw0178/ros2_2026_summer_study/ros_ws/install/camera_opencv/lib/python3.12/site-packages/camera_opencv
[2.358s] byte-compiling /home/jhw0178/ros2_2026_summer_study/ros_ws/install/camera_opencv/lib/python3.12/site-packages/camera_opencv/find_redball.py to find_redball.cpython-312.pyc
[2.361s] running install_data
[2.361s] running install_egg_info
[2.380s] removing '/home/jhw0178/ros2_2026_summer_study/ros_ws/install/camera_opencv/lib/python3.12/site-packages/camera_opencv-0.0.0-py3.12.egg-info' (and everything under it)
[2.381s] Copying ../../build/camera_opencv/camera_opencv.egg-info to /home/jhw0178/ros2_2026_summer_study/ros_ws/install/camera_opencv/lib/python3.12/site-packages/camera_opencv-0.0.0-py3.12.egg-info
[2.383s] running install_scripts
[2.544s] Installing camera_pub script to /home/jhw0178/ros2_2026_summer_study/ros_ws/install/camera_opencv/lib/camera_opencv
[2.544s] Installing circle_follow script to /home/jhw0178/ros2_2026_summer_study/ros_ws/install/camera_opencv/lib/camera_opencv
[2.544s] Installing color script to /home/jhw0178/ros2_2026_summer_study/ros_ws/install/camera_opencv/lib/camera_opencv
[2.545s] Installing event_draw script to /home/jhw0178/ros2_2026_summer_study/ros_ws/install/camera_opencv/lib/camera_opencv
[2.545s] Installing find_redball script to /home/jhw0178/ros2_2026_summer_study/ros_ws/install/camera_opencv/lib/camera_opencv
[2.546s] Installing img_compressed_pub script to /home/jhw0178/ros2_2026_summer_study/ros_ws/install/camera_opencv/lib/camera_opencv
[2.546s] Installing img_compressed_sub script to /home/jhw0178/ros2_2026_summer_study/ros_ws/install/camera_opencv/lib/camera_opencv
[2.546s] Installing img_pub script to /home/jhw0178/ros2_2026_summer_study/ros_ws/install/camera_opencv/lib/camera_opencv
[2.547s] Installing img_show script to /home/jhw0178/ros2_2026_summer_study/ros_ws/install/camera_opencv/lib/camera_opencv
[2.548s] Installing img_sub script to /home/jhw0178/ros2_2026_summer_study/ros_ws/install/camera_opencv/lib/camera_opencv
[2.548s] writing list of installed files to '/home/jhw0178/ros2_2026_summer_study/ros_ws/build/camera_opencv/install.log'
[2.613s] Invoked command in '/home/jhw0178/ros2_2026_summer_study/ros_ws/src/camera_opencv' returned '0': PYTHONPATH=/home/jhw0178/ros2_2026_summer_study/ros_ws/build/camera_opencv/prefix_override:/usr/lib/python3/dist-packages/colcon_core/task/python/colcon_distutils_commands:/home/jhw0178/ros2_2026_summer_study/ros_ws/install/camera_opencv/lib/python3.12/site-packages:${PYTHONPATH} VIRTUAL_ENV_PROMPT=(.venv) /usr/bin/python3 -W ignore:setup.py install is deprecated -W ignore:easy_install command is deprecated setup.py egg_info --egg-base ../../build/camera_opencv build --build-base /home/jhw0178/ros2_2026_summer_study/ros_ws/build/camera_opencv/build install --record /home/jhw0178/ros2_2026_summer_study/ros_ws/build/camera_opencv/install.log --install-scripts $base/lib/camera_opencv --single-version-externally-managed install_data
